Microchip MPLAB XC8 Compiler V1.32 ()

Linker command line:

--edf=/Applications/microchip/xc8/v1.32/dat/en_msgs.txt -cs \
  -h+dist/default/production/CAN_Transmit_MPU6050.X.production.sym \
  --cmf=dist/default/production/CAN_Transmit_MPU6050.X.production.cmf -z \
  -Q18F458 -o/tmp/cgtNlQ24J \
  -Mdist/default/production/CAN_Transmit_MPU6050.X.production.map -E1 \
  -ver=XC8 -ASTACK=09Ch-05ffh -pstack=STACK -ACODE=00h-03FFFhx2 \
  -ACONST=00h-07FFFh -ASMALLCONST=0600h-06FFhx122 \
  -AMEDIUMCONST=0600h-07FFFh -ACOMRAM=01h-05Fh -AABS1=00h-05FFh \
  -ABIGRAM=01h-05FFh -ARAM=060h-0FFh,0100h-01FFhx5 -ABANK0=060h-0FFh \
  -ABANK1=0100h-01FFh -ABANK2=0200h-02FFh -ABANK3=0300h-03FFh \
  -ABANK4=0400h-04FFh -ABANK5=0500h-05FFh -ASFR=0F00h-0F5Fh,0F60h-0FFFh \
  -preset_vec=00h,intcode,intcodelo,powerup,init,end_init -pramtop=0600h \
  -psmallconst=SMALLCONST -pmediumconst=MEDIUMCONST -pconst=CONST \
  -AFARRAM=00h-00h -ACONFIG=0300000h-030000Dh -pconfig=CONFIG \
  -AIDLOC=0200000h-0200007h -pidloc=IDLOC -AEEDATA=0F00000h-0F000FFh \
  -peeprom_data=EEDATA \
  -prdata=COMRAM,nvrram=COMRAM,nvbit=COMRAM,rbss=COMRAM,rbit=COMRAM \
  -pfarbss=FARRAM,fardata=FARRAM,nvFARRAM=FARRAM \
  -pintsave_regs=BIGRAM,bigbss=BIGRAM,bigdata=BIGRAM -pbss=RAM \
  -pidata=CODE,irdata=CODE,ibigdata=CODE,ifardata=CODE /tmp/cgtjM1uxb.obj \
  dist/default/production/CAN_Transmit_MPU6050.X.production.obj 

Object code version is 3.11

Machine type is 18F458

Call graph: (short form)




                Name                               Link     Load   Length Selector   Space Scale
/tmp/cgtjM1uxb.obj
                end_init                              2        2        4        0       0
                text                               3696     3696        2     1B4B       0
                reset_vec                             0        0        2        0       0
                idloc                            200000   200000        8   200000       0
                config                           300000   300000        E   300000       0
dist/default/production/CAN_Transmit_MPU6050.X.production.obj
                text31                             3AEC     3AEC       7A     1D76       0
                text30                             38C4     38C4       2C     1C62       0
                text29                             36A4     36A4       14     1B52       0
                text28                             3A1C     3A1C       68     1D0E       0
                text27                             3870     3870       2A     1C38       0
                text26                             3CEE     3CEE       EE     1E77       0
                text25                             3730     3730       1E     1B98       0
                text24                             3BE4     3BE4       80     1DF2       0
                text23                             37E4     37E4       22     1BF2       0
                text22                             3DDC     3DDC       F4     1EEE       0
                text21                             384A     384A       26     1C25       0
                text20                             391C     391C       42     1C8E       0
                text19                             389A     389A       2A     1C4D       0
                text18                             3714     3714       1C     1B8A       0
                text17                             3806     3806       22     1C03       0
                text16                             39BC     39BC       60     1CDE       0
                text15                             38F0     38F0       2C     1C78       0
                text14                             3698     3698        C     1B4C       0
                text13                             395E     395E       5E     1CAF       0
                text12                             374E     374E       1E     1BA7       0
                text11                             3C64     3C64       8A     1E32       0
                text10                             376C     376C       1E     1BB6       0
                text9                              378A     378A       1E     1BC5       0
                text8                              37A8     37A8       1E     1BD4       0
                text7                              3B66     3B66       7E     1DB3       0
                text6                              36FA     36FA       1A     1B7D       0
                text5                              37C6     37C6       1E     1BE3       0
                text4                              36CC     36CC       16     1B66       0
                text3                              36E2     36E2       18     1B71       0
                text2                              3A84     3A84       68     1D42       0
                text1                              36B8     36B8       14     1B5C       0
                cstackCOMRAM                          1        1       33        1       1
                bssBANK0                             60       60       3C       60       1
                bssCOMRAM                            34       34       2B        1       1
                cinit                              3828     3828       22     1C14       0
                text0                              3ED0     3ED0      130     1F68       0

TOTAL           Name                               Link     Load   Length     Space
        CLASS   STACK          

        CLASS   CODE           
                end_init                              2        2        4         0
                text                               3696     3696        2         0
                reset_vec                             0        0        2         0
                text31                             3AEC     3AEC       7A         0
                text30                             38C4     38C4       2C         0
                text29                             36A4     36A4       14         0
                text28                             3A1C     3A1C       68         0
                text27                             3870     3870       2A         0
                text26                             3CEE     3CEE       EE         0
                text25                             3730     3730       1E         0
                text24                             3BE4     3BE4       80         0
                text23                             37E4     37E4       22         0
                text22                             3DDC     3DDC       F4         0
                text21                             384A     384A       26         0
                text20                             391C     391C       42         0
                text19                             389A     389A       2A         0
                text18                             3714     3714       1C         0
                text17                             3806     3806       22         0
                text16                             39BC     39BC       60         0
                text15                             38F0     38F0       2C         0
                text14                             3698     3698        C         0
                text13                             395E     395E       5E         0
                text12                             374E     374E       1E         0
                text11                             3C64     3C64       8A         0
                text10                             376C     376C       1E         0
                text9                              378A     378A       1E         0
                text8                              37A8     37A8       1E         0
                text7                              3B66     3B66       7E         0
                text6                              36FA     36FA       1A         0
                text5                              37C6     37C6       1E         0
                text4                              36CC     36CC       16         0
                text3                              36E2     36E2       18         0
                text2                              3A84     3A84       68         0
                text1                              36B8     36B8       14         0
                cinit                              3828     3828       22         0
                text0                              3ED0     3ED0      130         0

        CLASS   CONST          

        CLASS   SMALLCONST     

        CLASS   MEDIUMCONST    

        CLASS   COMRAM         
                cstackCOMRAM                          1        1       33         1
                bssCOMRAM                            34       34       2B         1

        CLASS   ABS1           

        CLASS   BIGRAM         

        CLASS   RAM            

        CLASS   BANK0          
                bssBANK0                             60       60       3C         1

        CLASS   BANK1          

        CLASS   BANK2          

        CLASS   BANK3          

        CLASS   BANK4          

        CLASS   BANK5          

        CLASS   SFR            

        CLASS   FARRAM         

        CLASS   CONFIG         
                config                           300000   300000        E         0

        CLASS   IDLOC          
                idloc                            200000   200000        8         0

        CLASS   EEDATA         



SEGMENTS        Name                           Load    Length   Top    Selector   Space  Class

                reset_vec                      000000  000006  000006         0       0  CODE    
                cstackCOMRAM                   000001  00005E  00005F         1       1  COMRAM  
                bssBANK0                       000060  00003C  00009C        60       1  BANK0   
                text                           003696  000002  003698      1B4B       0  CODE    
                text14                         003698  00000C  0036A4      1B4C       0  CODE    
                text29                         0036A4  000014  0036B8      1B52       0  CODE    
                text1                          0036B8  000014  0036CC      1B5C       0  CODE    
                text4                          0036CC  000016  0036E2      1B66       0  CODE    
                text3                          0036E2  000018  0036FA      1B71       0  CODE    
                text6                          0036FA  00001A  003714      1B7D       0  CODE    
                text18                         003714  00001C  003730      1B8A       0  CODE    
                text25                         003730  00001E  00374E      1B98       0  CODE    
                text12                         00374E  00001E  00376C      1BA7       0  CODE    
                text10                         00376C  00001E  00378A      1BB6       0  CODE    
                text9                          00378A  00001E  0037A8      1BC5       0  CODE    
                text8                          0037A8  00001E  0037C6      1BD4       0  CODE    
                text5                          0037C6  00001E  0037E4      1BE3       0  CODE    
                text23                         0037E4  000022  003806      1BF2       0  CODE    
                text17                         003806  000022  003828      1C03       0  CODE    
                cinit                          003828  000022  00384A      1C14       0  CODE    
                text21                         00384A  000026  003870      1C25       0  CODE    
                text27                         003870  00002A  00389A      1C38       0  CODE    
                text19                         00389A  00002A  0038C4      1C4D       0  CODE    
                text30                         0038C4  00002C  0038F0      1C62       0  CODE    
                text15                         0038F0  00002C  00391C      1C78       0  CODE    
                text20                         00391C  000042  00395E      1C8E       0  CODE    
                text13                         00395E  00005E  0039BC      1CAF       0  CODE    
                text16                         0039BC  000060  003A1C      1CDE       0  CODE    
                text28                         003A1C  000068  003A84      1D0E       0  CODE    
                text2                          003A84  000068  003AEC      1D42       0  CODE    
                text31                         003AEC  00007A  003B66      1D76       0  CODE    
                text7                          003B66  00007E  003BE4      1DB3       0  CODE    
                text24                         003BE4  000080  003C64      1DF2       0  CODE    
                text11                         003C64  00008A  003CEE      1E32       0  CODE    
                text26                         003CEE  0000EE  003DDC      1E77       0  CODE    
                text22                         003DDC  0000F4  003ED0      1EEE       0  CODE    
                text0                          003ED0  000130  004000      1F68       0  CODE    
                idloc                          200000  000008  200008    200000       0  IDLOC   
                config                         300000  00000E  30000E    300000       0  CONFIG  


UNUSED ADDRESS RANGES

        Name                Unused          Largest block    Delta
        BANK0            00009C-0000FF               64
        BANK1            000100-0001FF              100
        BANK2            000200-0002FF              100
        BANK3            000300-0003FF              100
        BANK4            000400-0004FF              100
        BANK5            000500-0005FF              100
        BIGRAM           00005F-00005F                1
                         00009C-0005FF              564
        CODE             000006-003695             3690
                         004000-007FFF             4000
        COMRAM           00005F-00005F                1
        CONST            000006-003695             3690
                         004000-007FFF             4000
        EEDATA           F00000-F000FF              100
        MEDIUMCONST      000600-003695             3096
                         004000-007FFF             4000
        RAM              00009C-0005FF              100
        SFR              000F00-000FFF               60
        SMALLCONST       000600-003695              100
                         004000-007FFF              100
        STACK            00009C-0005FF              564

                                  Symbol Table

?___wmul                                                                     cstackCOMRAM 000001
?_convertFrom16To8                                                           cstackCOMRAM 000001
CAN_SetMode@canMode                                                          cstackCOMRAM 000001
CAN_Transmit@canId                                                           cstackCOMRAM 000004
Delay10KTCYx@unit                                                            cstackCOMRAM 000002
I2Cdev_readBits@b                                                            cstackCOMRAM 000022
I2Cdev_readBits@bitStart                                                     cstackCOMRAM 000018
I2Cdev_readBits@count                                                        cstackCOMRAM 00001F
I2Cdev_readBits@data                                                         cstackCOMRAM 00001A
I2Cdev_readBits@devAddr                                                      cstackCOMRAM 000020
I2Cdev_readBits@length                                                       cstackCOMRAM 000019
I2Cdev_readBits@mask                                                         cstackCOMRAM 000021
I2Cdev_readBits@regAddr                                                      cstackCOMRAM 000017
I2Cdev_readByte@data                                                         cstackCOMRAM 000014
I2Cdev_readByte@devAddr                                                      cstackCOMRAM 000016
I2Cdev_readByte@regAddr                                                      cstackCOMRAM 000013
I2Cdev_readBytes@count                                                       cstackCOMRAM 000012
I2Cdev_readBytes@data                                                        cstackCOMRAM 000009
I2Cdev_readBytes@devAddr                                                     cstackCOMRAM 000011
I2Cdev_readBytes@length                                                      cstackCOMRAM 000008
I2Cdev_readBytes@regAddr                                                     cstackCOMRAM 000007
I2Cdev_writeBit@b                                                            cstackCOMRAM 000022
I2Cdev_writeBit@bitNum                                                       cstackCOMRAM 000018
I2Cdev_writeBit@data                                                         cstackCOMRAM 000019
I2Cdev_writeBit@devAddr                                                      cstackCOMRAM 000021
I2Cdev_writeBit@regAddr                                                      cstackCOMRAM 000017
I2Cdev_writeBits@b                                                           cstackCOMRAM 000020
I2Cdev_writeBits@bitStart                                                    cstackCOMRAM 000018
I2Cdev_writeBits@data                                                        cstackCOMRAM 00001A
I2Cdev_writeBits@devAddr                                                     cstackCOMRAM 00001E
I2Cdev_writeBits@length                                                      cstackCOMRAM 000019
I2Cdev_writeBits@mask                                                        cstackCOMRAM 00001F
I2Cdev_writeBits@regAddr                                                     cstackCOMRAM 000017
I2Cdev_writeByte@data                                                        cstackCOMRAM 00000B
I2Cdev_writeByte@devAddr                                                     cstackCOMRAM 00000C
I2Cdev_writeByte@regAddr                                                     cstackCOMRAM 00000A
I2Cdev_writeBytes@data                                                       cstackCOMRAM 000006
I2Cdev_writeBytes@devAddr                                                    cstackCOMRAM 000008
I2Cdev_writeBytes@i                                                          cstackCOMRAM 000009
I2Cdev_writeBytes@length                                                     cstackCOMRAM 000005
I2Cdev_writeBytes@regAddr                                                    cstackCOMRAM 000004
MPU6050@address                                                              cstackCOMRAM 000001
MPU6050_getMotion6@ax                                                        cstackCOMRAM 000013
MPU6050_getMotion6@ay                                                        cstackCOMRAM 000015
MPU6050_getMotion6@az                                                        cstackCOMRAM 000017
MPU6050_getMotion6@gx                                                        cstackCOMRAM 000019
MPU6050_getMotion6@gy                                                        cstackCOMRAM 00001B
MPU6050_getMotion6@gz                                                        cstackCOMRAM 00001D
MPU6050_setClockSource@source                                                cstackCOMRAM 000021
MPU6050_setFullScaleAccelRange@range                                         cstackCOMRAM 000021
MPU6050_setFullScaleGyroRange@range                                          cstackCOMRAM 000021
MPU6050_setSleepEnabled@enabled                                              cstackCOMRAM 000023
OpenI2C@slew                                                                 cstackCOMRAM 000001
OpenI2C@sync_mode                                                            cstackCOMRAM 000002
OpenUSART@config                                                             cstackCOMRAM 000003
OpenUSART@spbrg                                                              cstackCOMRAM 000001
WriteI2C@data_out                                                            cstackCOMRAM 000003
_BRGCON1                                                                     (abs)        000F70
_BRGCON2                                                                     (abs)        000F71
_BRGCON3                                                                     (abs)        000F72
_CANCON                                                                      (abs)        000F6F
_CANSTAT                                                                     (abs)        000F6E
_CAN_Init                                                                    text2        003A84
_CAN_SetMode                                                                 text3        0036E2
_CAN_Transmit                                                                text31       003AEC
_D1                                                                          bssBANK0     000068
_D2                                                                          bssBANK0     00006C
_Delay10KTCYx                                                                text18       003714
_HighByte                                                                    bssCOMRAM    000046
_I2C_Bytes                                                                   bssCOMRAM    00005C
_I2Cdev_readBits                                                             text24       003BE4
_I2Cdev_readByte                                                             text25       003730
_I2Cdev_readBytes                                                            text26       003CEE
_I2Cdev_writeBit                                                             text7        003B66
_I2Cdev_writeBit$411                                                         cstackCOMRAM 00001F
_I2Cdev_writeBits                                                            text11       003C64
_I2Cdev_writeByte                                                            text12       00374E
_I2Cdev_writeBytes                                                           text13       00395E
_IdleI2C                                                                     text29       0036A4
_LATBbits                                                                    (abs)        000F8A
_LowByte                                                                     bssCOMRAM    000047
_MPU6050                                                                     text14       003698
_MPU6050_getFullScaleAccelRange                                              text23       0037E4
_MPU6050_getMotion6                                                          text22       003DDC
_MPU6050_initialize                                                          text5        0037C6
_MPU6050_setClockSource                                                      text10       00376C
_MPU6050_setFullScaleAccelRange                                              text9        00378A
_MPU6050_setFullScaleGyroRange                                               text8        0037A8
_MPU6050_setSleepEnabled                                                     text6        0036FA
_MidByte                                                                     bssCOMRAM    000048
_OFF2                                                                        bssBANK0     000070
_Offset                                                                      bssBANK0     000074
_OpenI2C                                                                     text17       003806
_OpenUSART                                                                   text16       0039BC
_PIE1bits                                                                    (abs)        000F9D
_PIR1bits                                                                    (abs)        000F9E
_RCSTA                                                                       (abs)        000FAB
_RCSTAbits                                                                   (abs)        000FAB
_RXB0CON                                                                     (abs)        000F60
_RXB0D0                                                                      (abs)        000F66
_RXB0D1                                                                      (abs)        000F67
_RXB0D2                                                                      (abs)        000F68
_RXB0D3                                                                      (abs)        000F69
_RXB0D4                                                                      (abs)        000F6A
_RXB0D5                                                                      (abs)        000F6B
_RXB0D6                                                                      (abs)        000F6C
_RXB0D7                                                                      (abs)        000F6D
_RXB0SIDH                                                                    (abs)        000F61
_RXB0SIDL                                                                    (abs)        000F62
_RXB1CON                                                                     (abs)        000F50
_RXF0SIDL                                                                    (abs)        000F01
_RXF1SIDL                                                                    (abs)        000F05
_RXF2SIDL                                                                    (abs)        000F09
_RXF3SIDL                                                                    (abs)        000F0D
_RXF4SIDL                                                                    (abs)        000F11
_RXF5SIDL                                                                    (abs)        000F15
_RXM0SIDH                                                                    (abs)        000F18
_RXM0SIDL                                                                    (abs)        000F19
_RXM1SIDH                                                                    (abs)        000F1C
_RXM1SIDL                                                                    (abs)        000F1D
_ReadI2C                                                                     text30       0038C4
_Resolution                                                                  bssCOMRAM    000044
_SPBRG                                                                       (abs)        000FAF
_SSPADD                                                                      (abs)        000FC8
_SSPBUF                                                                      (abs)        000FC9
_SSPCON1                                                                     (abs)        000FC6
_SSPCON1bits                                                                 (abs)        000FC6
_SSPCON2                                                                     (abs)        000FC5
_SSPCON2bits                                                                 (abs)        000FC5
_SSPSTAT                                                                     (abs)        000FC7
_SSPSTATbits                                                                 (abs)        000FC7
_Sens2                                                                       bssCOMRAM    00003C
_Sensitivity                                                                 bssBANK0     000078
_T2                                                                          bssBANK0     00007C
_TEMP                                                                        bssCOMRAM    000058
_TRISB                                                                       (abs)        000F93
_TRISBbits                                                                   (abs)        000F93
_TRISCbits                                                                   (abs)        000F94
_TXB0CON                                                                     (abs)        000F40
_TXB0D0                                                                      (abs)        000F46
_TXB0D1                                                                      (abs)        000F47
_TXB0D2                                                                      (abs)        000F48
_TXB0D3                                                                      (abs)        000F49
_TXB0D4                                                                      (abs)        000F4A
_TXB0D5                                                                      (abs)        000F4B
_TXB0D6                                                                      (abs)        000F4C
_TXB0D7                                                                      (abs)        000F4D
_TXB0DLC                                                                     (abs)        000F45
_TXB0SIDH                                                                    (abs)        000F41
_TXB0SIDL                                                                    (abs)        000F42
_TXSTA                                                                       (abs)        000FAC
_TXSTAbits                                                                   (abs)        000FAC
_WriteI2C                                                                    text28       003A1C
__CFG_BOR$ON                                                                 (abs)        000000
__CFG_BORV$25                                                                (abs)        000000
__CFG_CP0$OFF                                                                (abs)        000000
__CFG_CP1$OFF                                                                (abs)        000000
__CFG_CP2$OFF                                                                (abs)        000000
__CFG_CP3$OFF                                                                (abs)        000000
__CFG_CPB$OFF                                                                (abs)        000000
__CFG_CPD$OFF                                                                (abs)        000000
__CFG_EBTR0$OFF                                                              (abs)        000000
__CFG_EBTR1$OFF                                                              (abs)        000000
__CFG_EBTR2$OFF                                                              (abs)        000000
__CFG_EBTR3$OFF                                                              (abs)        000000
__CFG_EBTRB$OFF                                                              (abs)        000000
__CFG_LVP$OFF                                                                (abs)        000000
__CFG_OSC$HS                                                                 (abs)        000000
__CFG_OSCS$OFF                                                               (abs)        000000
__CFG_PWRT$ON                                                                (abs)        000000
__CFG_STVR$OFF                                                               (abs)        000000
__CFG_WDT$OFF                                                                (abs)        000000
__CFG_WDTPS$128                                                              (abs)        000000
__CFG_WRT0$OFF                                                               (abs)        000000
__CFG_WRT1$OFF                                                               (abs)        000000
__CFG_WRT2$OFF                                                               (abs)        000000
__CFG_WRT3$OFF                                                               (abs)        000000
__CFG_WRTB$OFF                                                               (abs)        000000
__CFG_WRTC$OFF                                                               (abs)        000000
__CFG_WRTD$OFF                                                               (abs)        000000
__HRAM                                                                       (abs)        000000
__Habs1                                                                      abs1         000000
__Hbank0                                                                     bank0        000000
__Hbank1                                                                     bank1        000000
__Hbank2                                                                     bank2        000000
__Hbank3                                                                     bank3        000000
__Hbank4                                                                     bank4        000000
__Hbank5                                                                     bank5        000000
__Hbigbss                                                                    bigbss       000000
__Hbigdata                                                                   bigdata      000000
__Hbigram                                                                    bigram       000000
__Hbss                                                                       bss          000000
__HbssBANK0                                                                  bssBANK0     000000
__HbssCOMRAM                                                                 bssCOMRAM    000000
__Hcinit                                                                     cinit        000000
__Hclrtext                                                                   clrtext      000000
__Hcomram                                                                    comram       000000
__Hconfig                                                                    config       30000E
__Hconst                                                                     const        000000
__HcstackCOMRAM                                                              cstackCOMRAM 000000
__Hdata                                                                      data         000000
__Heeprom_data                                                               eeprom_data  000000
__Hend_init                                                                  end_init     000006
__Hfarbss                                                                    farbss       000000
__Hfardata                                                                   fardata      000000
__Hibigdata                                                                  ibigdata     000000
__Hidata                                                                     idata        000000
__Hidloc                                                                     idloc        200008
__Hifardata                                                                  ifardata     000000
__Hinit                                                                      init         000002
__Hintcode                                                                   intcode      000002
__Hintcode_body                                                              intcode_body 000000
__Hintcodelo                                                                 intcodelo    000002
__Hintentry                                                                  intentry     000000
__Hintret                                                                    intret       000000
__Hintsave_regs                                                              intsave_regs 000000
__Hirdata                                                                    irdata       000000
__Hmediumconst                                                               mediumconst  000000
__HnvFARRAM                                                                  nvFARRAM     000000
__Hnvbit                                                                     nvbit        000000
__Hnvrram                                                                    nvrram       000000
__Hparam                                                                     rparam       000000
__Hpowerup                                                                   powerup      000002
__Hram                                                                       ram          000000
__Hramtop                                                                    ramtop       000600
__Hrbit                                                                      rbit         000000
__Hrbss                                                                      rbss         000000
__Hrdata                                                                     rdata        000000
__Hreset_vec                                                                 reset_vec    000002
__Hrparam                                                                    rparam       000000
__Hsfr                                                                       sfr          000000
__Hsmallconst                                                                smallconst   000000
__Hspace_0                                                                   (abs)        30000E
__Hspace_1                                                                   (abs)        00009C
__Hspace_2                                                                   (abs)        000000
__Hstack                                                                     stack        000000
__Hstruct                                                                    struct       000000
__Htemp                                                                      temp         000000
__Htext                                                                      text         000000
__Htext0                                                                     text0        000000
__Htext1                                                                     text1        000000
__Htext10                                                                    text10       000000
__Htext11                                                                    text11       000000
__Htext12                                                                    text12       000000
__Htext13                                                                    text13       000000
__Htext14                                                                    text14       000000
__Htext15                                                                    text15       000000
__Htext16                                                                    text16       000000
__Htext17                                                                    text17       000000
__Htext18                                                                    text18       000000
__Htext19                                                                    text19       000000
__Htext2                                                                     text2        000000
__Htext20                                                                    text20       000000
__Htext21                                                                    text21       000000
__Htext22                                                                    text22       000000
__Htext23                                                                    text23       000000
__Htext24                                                                    text24       000000
__Htext25                                                                    text25       000000
__Htext26                                                                    text26       000000
__Htext27                                                                    text27       000000
__Htext28                                                                    text28       000000
__Htext29                                                                    text29       000000
__Htext3                                                                     text3        000000
__Htext30                                                                    text30       000000
__Htext31                                                                    text31       000000
__Htext4                                                                     text4        000000
__Htext5                                                                     text5        000000
__Htext6                                                                     text6        000000
__Htext7                                                                     text7        000000
__Htext8                                                                     text8        000000
__Htext9                                                                     text9        000000
__LRAM                                                                       (abs)        000001
__Labs1                                                                      abs1         000000
__Lbank0                                                                     bank0        000000
__Lbank1                                                                     bank1        000000
__Lbank2                                                                     bank2        000000
__Lbank3                                                                     bank3        000000
__Lbank4                                                                     bank4        000000
__Lbank5                                                                     bank5        000000
__Lbigbss                                                                    bigbss       000000
__Lbigdata                                                                   bigdata      000000
__Lbigram                                                                    bigram       000000
__Lbss                                                                       bss          000000
__LbssBANK0                                                                  bssBANK0     000000
__LbssCOMRAM                                                                 bssCOMRAM    000000
__Lcinit                                                                     cinit        000000
__Lclrtext                                                                   clrtext      000000
__Lcomram                                                                    comram       000000
__Lconfig                                                                    config       300000
__Lconst                                                                     const        000000
__LcstackCOMRAM                                                              cstackCOMRAM 000000
__Ldata                                                                      data         000000
__Leeprom_data                                                               eeprom_data  000000
__Lend_init                                                                  end_init     000002
__Lfarbss                                                                    farbss       000000
__Lfardata                                                                   fardata      000000
__Libigdata                                                                  ibigdata     000000
__Lidata                                                                     idata        000000
__Lidloc                                                                     idloc        200000
__Lifardata                                                                  ifardata     000000
__Linit                                                                      init         000002
__Lintcode                                                                   intcode      000002
__Lintcode_body                                                              intcode_body 000000
__Lintcodelo                                                                 intcodelo    000002
__Lintentry                                                                  intentry     000000
__Lintret                                                                    intret       000000
__Lintsave_regs                                                              intsave_regs 000000
__Lirdata                                                                    irdata       000000
__Lmediumconst                                                               mediumconst  000000
__LnvFARRAM                                                                  nvFARRAM     000000
__Lnvbit                                                                     nvbit        000000
__Lnvrram                                                                    nvrram       000000
__Lparam                                                                     rparam       000000
__Lpowerup                                                                   powerup      000002
__Lram                                                                       ram          000000
__Lramtop                                                                    ramtop       000600
__Lrbit                                                                      rbit         000000
__Lrbss                                                                      rbss         000000
__Lrdata                                                                     rdata        000000
__Lreset_vec                                                                 reset_vec    000000
__Lrparam                                                                    rparam       000000
__Lsfr                                                                       sfr          000000
__Lsmallconst                                                                smallconst   000000
__Lspace_0                                                                   (abs)        000000
__Lspace_1                                                                   (abs)        000000
__Lspace_2                                                                   (abs)        000000
__Lstack                                                                     stack        000000
__Lstruct                                                                    struct       000000
__Ltemp                                                                      temp         000000
__Ltext                                                                      text         000000
__Ltext0                                                                     text0        000000
__Ltext1                                                                     text1        000000
__Ltext10                                                                    text10       000000
__Ltext11                                                                    text11       000000
__Ltext12                                                                    text12       000000
__Ltext13                                                                    text13       000000
__Ltext14                                                                    text14       000000
__Ltext15                                                                    text15       000000
__Ltext16                                                                    text16       000000
__Ltext17                                                                    text17       000000
__Ltext18                                                                    text18       000000
__Ltext19                                                                    text19       000000
__Ltext2                                                                     text2        000000
__Ltext20                                                                    text20       000000
__Ltext21                                                                    text21       000000
__Ltext22                                                                    text22       000000
__Ltext23                                                                    text23       000000
__Ltext24                                                                    text24       000000
__Ltext25                                                                    text25       000000
__Ltext26                                                                    text26       000000
__Ltext27                                                                    text27       000000
__Ltext28                                                                    text28       000000
__Ltext29                                                                    text29       000000
__Ltext3                                                                     text3        000000
__Ltext30                                                                    text30       000000
__Ltext31                                                                    text31       000000
__Ltext4                                                                     text4        000000
__Ltext5                                                                     text5        000000
__Ltext6                                                                     text6        000000
__Ltext7                                                                     text7        000000
__Ltext8                                                                     text8        000000
__Ltext9                                                                     text9        000000
__S0                                                                         (abs)        30000E
__S1                                                                         (abs)        00009C
__S2                                                                         (abs)        000000
___inthi_sp                                                                  stack        000000
___intlo_sp                                                                  stack        000000
___sp                                                                        stack        000000
___wmul                                                                      text27       003870
___wmul@multiplicand                                                         cstackCOMRAM 000003
___wmul@multiplier                                                           cstackCOMRAM 000001
___wmul@product                                                              cstackCOMRAM 000005
__accesstop                                                                  (abs)        000060
__activetblptr                                                               (abs)        000002
__cntErrataNOP_/tmp/cgtjM1uxb.obj                                            (abs)        000001
__cntErrataNOP_dist/default/production/CAN_Transmit_MPU6050.X.production.obj (abs)        000042
__end_of_CAN_Init                                                            text2        003AEC
__end_of_CAN_SetMode                                                         text3        0036FA
__end_of_CAN_Transmit                                                        text31       003B64
__end_of_Delay10KTCYx                                                        text18       003730
__end_of_I2Cdev_readBits                                                     text24       003C64
__end_of_I2Cdev_readByte                                                     text25       00374E
__end_of_I2Cdev_readBytes                                                    text26       003DDC
__end_of_I2Cdev_writeBit                                                     text7        003BE4
__end_of_I2Cdev_writeBits                                                    text11       003CEE
__end_of_I2Cdev_writeByte                                                    text12       00376C
__end_of_I2Cdev_writeBytes                                                   text13       0039BC
__end_of_IdleI2C                                                             text29       0036B8
__end_of_MPU6050                                                             text14       0036A4
__end_of_MPU6050_getFullScaleAccelRange                                      text23       003806
__end_of_MPU6050_getMotion6                                                  text22       003ED0
__end_of_MPU6050_initialize                                                  text5        0037E4
__end_of_MPU6050_setClockSource                                              text10       00378A
__end_of_MPU6050_setFullScaleAccelRange                                      text9        0037A8
__end_of_MPU6050_setFullScaleGyroRange                                       text8        0037C6
__end_of_MPU6050_setSleepEnabled                                             text6        003714
__end_of_OpenI2C                                                             text17       003828
__end_of_OpenUSART                                                           text16       003A1C
__end_of_ReadI2C                                                             text30       0038F0
__end_of_WriteI2C                                                            text28       003A84
__end_of___wmul                                                              text27       00389A
__end_of__initialization                                                     cinit        003840
__end_of_convertFrom16To8                                                    text21       003870
__end_of_delayzz                                                             text20       00395E
__end_of_flashLED                                                            text19       0038C4
__end_of_initI2C_USART                                                       text15       00391C
__end_of_initMPU6050                                                         text4        0036E2
__end_of_main                                                                text0        004000
__end_of_setupCANTxRx                                                        text1        0036CC
__initialization                                                             cinit        003828
__mediumconst                                                                mediumconst  000000
__pbssBANK0                                                                  bssBANK0     000060
__pbssCOMRAM                                                                 bssCOMRAM    000034
__pcinit                                                                     cinit        003828
__pcstackCOMRAM                                                              cstackCOMRAM 000001
__ptext0                                                                     text0        003ED0
__ptext1                                                                     text1        0036B8
__ptext10                                                                    text10       00376C
__ptext11                                                                    text11       003C64
__ptext12                                                                    text12       00374E
__ptext13                                                                    text13       00395E
__ptext14                                                                    text14       003698
__ptext15                                                                    text15       0038F0
__ptext16                                                                    text16       0039BC
__ptext17                                                                    text17       003806
__ptext18                                                                    text18       003714
__ptext19                                                                    text19       00389A
__ptext2                                                                     text2        003A84
__ptext20                                                                    text20       00391C
__ptext21                                                                    text21       00384A
__ptext22                                                                    text22       003DDC
__ptext23                                                                    text23       0037E4
__ptext24                                                                    text24       003BE4
__ptext25                                                                    text25       003730
__ptext26                                                                    text26       003CEE
__ptext27                                                                    text27       003870
__ptext28                                                                    text28       003A1C
__ptext29                                                                    text29       0036A4
__ptext3                                                                     text3        0036E2
__ptext30                                                                    text30       0038C4
__ptext31                                                                    text31       003AEC
__ptext4                                                                     text4        0036CC
__ptext5                                                                     text5        0037C6
__ptext6                                                                     text6        0036FA
__ptext7                                                                     text7        003B66
__ptext8                                                                     text8        0037A8
__ptext9                                                                     text9        00378A
__ramtop                                                                     ramtop       000600
__size_of_CAN_Init                                                           (abs)        000000
__size_of_CAN_SetMode                                                        (abs)        000000
__size_of_CAN_Transmit                                                       (abs)        000000
__size_of_Delay10KTCYx                                                       (abs)        000000
__size_of_I2Cdev_readBits                                                    (abs)        000000
__size_of_I2Cdev_readByte                                                    (abs)        000000
__size_of_I2Cdev_readBytes                                                   (abs)        000000
__size_of_I2Cdev_writeBit                                                    (abs)        000000
__size_of_I2Cdev_writeBits                                                   (abs)        000000
__size_of_I2Cdev_writeByte                                                   (abs)        000000
__size_of_I2Cdev_writeBytes                                                  (abs)        000000
__size_of_IdleI2C                                                            (abs)        000000
__size_of_MPU6050                                                            (abs)        000000
__size_of_MPU6050_getFullScaleAccelRange                                     (abs)        000000
__size_of_MPU6050_getMotion6                                                 (abs)        000000
__size_of_MPU6050_initialize                                                 (abs)        000000
__size_of_MPU6050_setClockSource                                             (abs)        000000
__size_of_MPU6050_setFullScaleAccelRange                                     (abs)        000000
__size_of_MPU6050_setFullScaleGyroRange                                      (abs)        000000
__size_of_MPU6050_setSleepEnabled                                            (abs)        000000
__size_of_OpenI2C                                                            (abs)        000000
__size_of_OpenUSART                                                          (abs)        000000
__size_of_ReadI2C                                                            (abs)        000000
__size_of_WriteI2C                                                           (abs)        000000
__size_of___wmul                                                             (abs)        000000
__size_of_convertFrom16To8                                                   (abs)        000000
__size_of_delayzz                                                            (abs)        000000
__size_of_flashLED                                                           (abs)        000000
__size_of_initI2C_USART                                                      (abs)        000000
__size_of_initMPU6050                                                        (abs)        000000
__size_of_main                                                               (abs)        000000
__size_of_setupCANTxRx                                                       (abs)        000000
__smallconst                                                                 smallconst   000000
_convertFrom16To8                                                            text21       00384A
_dT                                                                          bssCOMRAM    000040
_delayzz                                                                     text20       00391C
_flashLED                                                                    text19       00389A
_initI2C_USART                                                               text15       0038F0
_initMPU6050                                                                 text4        0036CC
_main                                                                        text0        003ED0
_mbar                                                                        bssBANK0     000084
_mbarInt                                                                     bssBANK0     000080
_mpu6050                                                                     bssCOMRAM    000049
_receivedData                                                                bssBANK0     000060
_sendData                                                                    bssCOMRAM    000034
_sensorCoeffs                                                                bssBANK0     00008A
_setupCANTxRx                                                                text1        0036B8
_tempC                                                                       bssBANK0     000087
convertFrom16To8@arrayData                                                   bssBANK0     00009A
convertFrom16To8@dataAll                                                     cstackCOMRAM 000001
delayzz@i                                                                    cstackCOMRAM 000001
delayzz@j                                                                    cstackCOMRAM 000003
end_of_initialization                                                        cinit        003840
flashLED@count                                                               cstackCOMRAM 000005
intlevel0                                                                    text         003696
intlevel1                                                                    text         003696
intlevel2                                                                    text         003696
intlevel3                                                                    text         003696
main@AFS_SEL                                                                 cstackCOMRAM 00002B
main@a_unsigned_array                                                        cstackCOMRAM 000032
main@ax                                                                      cstackCOMRAM 00002C
main@ay                                                                      cstackCOMRAM 000030
main@az                                                                      cstackCOMRAM 00002E
main@gx                                                                      cstackCOMRAM 000025
main@gy                                                                      cstackCOMRAM 000027
main@gz                                                                      cstackCOMRAM 000029
stackhi                                                                      (abs)        0005FF
stacklo                                                                      (abs)        00009C
start                                                                        init         000002
start_initialization                                                         cinit        003828


FUNCTION INFORMATION:

 *************** function _main *****************
 Defined at:
		line 100 in file "main.c"
 Parameters:    Size  Location     Type
		None
 Auto vars:     Size  Location     Type
  AFS_SEL         1   42[COMRAM] unsigned char 
  a_unsigned_a    2   49[COMRAM] unsigned char [2]
  ay              2   47[COMRAM] int 
  az              2   45[COMRAM] int 
  ax              2   43[COMRAM] int 
  gz              2   40[COMRAM] int 
  gy              2   38[COMRAM] int 
  gx              2   36[COMRAM] int 
 Return value:  Size  Location     Type
		None               void
 Registers used:
		wreg, fsr2l, fsr2h, status,2, status,0, prodl, prodh, cstack
 Tracked objects:
		On entry : 
		On exit  : 
		Unchanged: 
 Data sizes:     COMRAM   BANK0   BANK1   BANK2   BANK3   BANK4   BANK5
      Params:         0       0       0       0       0       0       0
      Locals:        15       0       0       0       0       0       0
      Temps:          1       0       0       0       0       0       0
      Totals:        16       0       0       0       0       0       0
Total ram usage:       16 bytes
 Hardware stack levels required when called:    8
 This function calls:
		_CAN_Transmit
		_MPU6050_getFullScaleAccelRange
		_MPU6050_getMotion6
		_convertFrom16To8
		_flashLED
		_initI2C_USART
		_initMPU6050
		_setupCANTxRx
 This function is called by:
		Startup code after reset
 This function uses a non-reentrant model


 *************** function _setupCANTxRx *****************
 Defined at:
		line 203 in file "../pic18f458_badgerloop.c"
 Parameters:    Size  Location     Type
		None
 Auto vars:     Size  Location     Type
		None
 Return value:  Size  Location     Type
		None               void
 Registers used:
		wreg, status,2, status,0, cstack
 Tracked objects:
		On entry : 
		On exit  : 
		Unchanged: 
 Data sizes:     COMRAM   BANK0   BANK1   BANK2   BANK3   BANK4   BANK5
      Params:         0       0       0       0       0       0       0
      Locals:         0       0       0       0       0       0       0
      Temps:          0       0       0       0       0       0       0
      Totals:         0       0       0       0       0       0       0
Total ram usage:        0 bytes
 Hardware stack levels used:    1
 Hardware stack levels required when called:    2
 This function calls:
		_CAN_Init
		_Delay10KTCYx
 This function is called by:
		_main
 This function uses a non-reentrant model


 *************** function _CAN_Init *****************
 Defined at:
		line 163 in file "../pic18f458_badgerloop.c"
 Parameters:    Size  Location     Type
		None
 Auto vars:     Size  Location     Type
		None
 Return value:  Size  Location     Type
		None               void
 Registers used:
		wreg, status,2, status,0, cstack
 Tracked objects:
		On entry : 
		On exit  : 
		Unchanged: 
 Data sizes:     COMRAM   BANK0   BANK1   BANK2   BANK3   BANK4   BANK5
      Params:         0       0       0       0       0       0       0
      Locals:         0       0       0       0       0       0       0
      Temps:          0       0       0       0       0       0       0
      Totals:         0       0       0       0       0       0       0
Total ram usage:        0 bytes
 Hardware stack levels used:    1
 Hardware stack levels required when called:    1
 This function calls:
		_CAN_SetMode
 This function is called by:
		_setupCANTxRx
 This function uses a non-reentrant model


 *************** function _CAN_SetMode *****************
 Defined at:
		line 154 in file "../pic18f458_badgerloop.c"
 Parameters:    Size  Location     Type
  canMode         1    wreg     unsigned char 
 Auto vars:     Size  Location     Type
  canMode         1    0[COMRAM] unsigned char 
 Return value:  Size  Location     Type
		None               void
 Registers used:
		wreg, status,2, status,0
 Tracked objects:
		On entry : 
		On exit  : 
		Unchanged: 
 Data sizes:     COMRAM   BANK0   BANK1   BANK2   BANK3   BANK4   BANK5
      Params:         0       0       0       0       0       0       0
      Locals:         1       0       0       0       0       0       0
      Temps:          0       0       0       0       0       0       0
      Totals:         1       0       0       0       0       0       0
Total ram usage:        1 bytes
 Hardware stack levels used:    1
 This function calls:
		Nothing
 This function is called by:
		_CAN_Init
 This function uses a non-reentrant model


 *************** function _initMPU6050 *****************
 Defined at:
		line 246 in file "../pic18f458_badgerloop.c"
 Parameters:    Size  Location     Type
		None
 Auto vars:     Size  Location     Type
		None
 Return value:  Size  Location     Type
		None               void
 Registers used:
		wreg, fsr2l, fsr2h, status,2, status,0, prodl, prodh, cstack
 Tracked objects:
		On entry : 
		On exit  : 
		Unchanged: 
 Data sizes:     COMRAM   BANK0   BANK1   BANK2   BANK3   BANK4   BANK5
      Params:         0       0       0       0       0       0       0
      Locals:         0       0       0       0       0       0       0
      Temps:          0       0       0       0       0       0       0
      Totals:         0       0       0       0       0       0       0
Total ram usage:        0 bytes
 Hardware stack levels used:    1
 Hardware stack levels required when called:    7
 This function calls:
		_Delay10KTCYx
		_MPU6050
		_MPU6050_initialize
 This function is called by:
		_main
 This function uses a non-reentrant model


 *************** function _MPU6050_initialize *****************
 Defined at:
		line 62 in file "../MPU6050.c"
 Parameters:    Size  Location     Type
		None
 Auto vars:     Size  Location     Type
		None
 Return value:  Size  Location     Type
		None               void
 Registers used:
		wreg, fsr2l, fsr2h, status,2, status,0, prodl, prodh, cstack
 Tracked objects:
		On entry : 
		On exit  : 
		Unchanged: 
 Data sizes:     COMRAM   BANK0   BANK1   BANK2   BANK3   BANK4   BANK5
      Params:         0       0       0       0       0       0       0
      Locals:         0       0       0       0       0       0       0
      Temps:          0       0       0       0       0       0       0
      Totals:         0       0       0       0       0       0       0
Total ram usage:        0 bytes
 Hardware stack levels used:    1
 Hardware stack levels required when called:    6
 This function calls:
		_MPU6050_setClockSource
		_MPU6050_setFullScaleAccelRange
		_MPU6050_setFullScaleGyroRange
		_MPU6050_setSleepEnabled
 This function is called by:
		_initMPU6050
 This function uses a non-reentrant model


 *************** function _MPU6050_setSleepEnabled *****************
 Defined at:
		line 2382 in file "../MPU6050.c"
 Parameters:    Size  Location     Type
  enabled         1    wreg     unsigned char 
 Auto vars:     Size  Location     Type
  enabled         1   34[COMRAM] unsigned char 
 Return value:  Size  Location     Type
		None               void
 Registers used:
		wreg, fsr2l, fsr2h, status,2, status,0, prodl, prodh, cstack
 Tracked objects:
		On entry : 
		On exit  : 
		Unchanged: 
 Data sizes:     COMRAM   BANK0   BANK1   BANK2   BANK3   BANK4   BANK5
      Params:         0       0       0       0       0       0       0
      Locals:         1       0       0       0       0       0       0
      Temps:          0       0       0       0       0       0       0
      Totals:         1       0       0       0       0       0       0
Total ram usage:        1 bytes
 Hardware stack levels used:    1
 Hardware stack levels required when called:    5
 This function calls:
		_I2Cdev_writeBit
 This function is called by:
		_MPU6050_initialize
 This function uses a non-reentrant model


 *************** function _I2Cdev_writeBit *****************
 Defined at:
		line 344 in file "../I2Cdev.c"
 Parameters:    Size  Location     Type
  devAddr         1    wreg     unsigned char 
  regAddr         1   22[COMRAM] unsigned char 
  bitNum          1   23[COMRAM] unsigned char 
  data            1   24[COMRAM] unsigned char 
 Auto vars:     Size  Location     Type
  devAddr         1   32[COMRAM] unsigned char 
  b               1   33[COMRAM] unsigned char 
 Return value:  Size  Location     Type
                  1    wreg      unsigned char 
 Registers used:
		wreg, fsr2l, fsr2h, status,2, status,0, prodl, prodh, cstack
 Tracked objects:
		On entry : 
		On exit  : 
		Unchanged: 
 Data sizes:     COMRAM   BANK0   BANK1   BANK2   BANK3   BANK4   BANK5
      Params:         3       0       0       0       0       0       0
      Locals:         4       0       0       0       0       0       0
      Temps:          5       0       0       0       0       0       0
      Totals:        12       0       0       0       0       0       0
Total ram usage:       12 bytes
 Hardware stack levels used:    1
 Hardware stack levels required when called:    4
 This function calls:
		_I2Cdev_readByte
		_I2Cdev_writeByte
 This function is called by:
		_MPU6050_setSleepEnabled
		_MPU6050_setAuxVDDIOLevel
		_MPU6050_setAccelXSelfTest
		_MPU6050_setAccelYSelfTest
		_MPU6050_setAccelZSelfTest
		_MPU6050_setTempFIFOEnabled
		_MPU6050_setXGyroFIFOEnabled
		_MPU6050_setYGyroFIFOEnabled
		_MPU6050_setZGyroFIFOEnabled
		_MPU6050_setAccelFIFOEnabled
		_MPU6050_setSlave2FIFOEnabled
		_MPU6050_setSlave1FIFOEnabled
		_MPU6050_setSlave0FIFOEnabled
		_MPU6050_setMultiMasterEnabled
		_MPU6050_setWaitForExternalSensorEnabled
		_MPU6050_setSlave3FIFOEnabled
		_MPU6050_setSlaveReadWriteTransitionEnabled
		_MPU6050_setSlaveEnabled
		_MPU6050_setSlaveWordByteSwap
		_MPU6050_setSlaveWriteMode
		_MPU6050_setSlaveWordGroupOffset
		_MPU6050_setSlave4Enabled
		_MPU6050_setSlave4InterruptEnabled
		_MPU6050_setSlave4WriteMode
		_MPU6050_setInterruptMode
		_MPU6050_setInterruptDrive
		_MPU6050_setInterruptLatch
		_MPU6050_setInterruptLatchClear
		_MPU6050_setFSyncInterruptLevel
		_MPU6050_setFSyncInterruptEnabled
		_MPU6050_setI2CBypassEnabled
		_MPU6050_setClockOutputEnabled
		_MPU6050_setIntFreefallEnabled
		_MPU6050_setIntMotionEnabled
		_MPU6050_setIntZeroMotionEnabled
		_MPU6050_setIntFIFOBufferOverflowEnabled
		_MPU6050_setIntI2CMasterEnabled
		_MPU6050_setIntDataReadyEnabled
		_MPU6050_setExternalShadowDelayEnabled
		_MPU6050_setSlaveDelayEnabled
		_MPU6050_resetGyroscopePath
		_MPU6050_resetAccelerometerPath
		_MPU6050_resetTemperaturePath
		_MPU6050_setFIFOEnabled
		_MPU6050_setI2CMasterModeEnabled
		_MPU6050_switchSPIEnabled
		_MPU6050_resetFIFO
		_MPU6050_resetI2CMaster
		_MPU6050_resetSensors
		_MPU6050_reset
		_MPU6050_setWakeCycleEnabled
		_MPU6050_setTempSensorEnabled
		_MPU6050_setStandbyXAccelEnabled
		_MPU6050_setStandbyYAccelEnabled
		_MPU6050_setStandbyZAccelEnabled
		_MPU6050_setStandbyXGyroEnabled
		_MPU6050_setStandbyYGyroEnabled
		_MPU6050_setStandbyZGyroEnabled
		_MPU6050_setOTPBankValid
		_MPU6050_setIntPLLReadyEnabled
		_MPU6050_setIntDMPEnabled
		_MPU6050_setDMPEnabled
		_MPU6050_resetDMP
 This function uses a non-reentrant model


 *************** function _MPU6050_setFullScaleGyroRange *****************
 Defined at:
		line 251 in file "../MPU6050.c"
 Parameters:    Size  Location     Type
  range           1    wreg     unsigned char 
 Auto vars:     Size  Location     Type
  range           1   32[COMRAM] unsigned char 
 Return value:  Size  Location     Type
		None               void
 Registers used:
		wreg, fsr2l, fsr2h, status,2, status,0, prodl, prodh, cstack
 Tracked objects:
		On entry : 
		On exit  : 
		Unchanged: 
 Data sizes:     COMRAM   BANK0   BANK1   BANK2   BANK3   BANK4   BANK5
      Params:         0       0       0       0       0       0       0
      Locals:         1       0       0       0       0       0       0
      Temps:          0       0       0       0       0       0       0
      Totals:         1       0       0       0       0       0       0
Total ram usage:        1 bytes
 Hardware stack levels used:    1
 Hardware stack levels required when called:    5
 This function calls:
		_I2Cdev_writeBits
 This function is called by:
		_MPU6050_initialize
 This function uses a non-reentrant model


 *************** function _MPU6050_setFullScaleAccelRange *****************
 Defined at:
		line 327 in file "../MPU6050.c"
 Parameters:    Size  Location     Type
  range           1    wreg     unsigned char 
 Auto vars:     Size  Location     Type
  range           1   32[COMRAM] unsigned char 
 Return value:  Size  Location     Type
		None               void
 Registers used:
		wreg, fsr2l, fsr2h, status,2, status,0, prodl, prodh, cstack
 Tracked objects:
		On entry : 
		On exit  : 
		Unchanged: 
 Data sizes:     COMRAM   BANK0   BANK1   BANK2   BANK3   BANK4   BANK5
      Params:         0       0       0       0       0       0       0
      Locals:         1       0       0       0       0       0       0
      Temps:          0       0       0       0       0       0       0
      Totals:         1       0       0       0       0       0       0
Total ram usage:        1 bytes
 Hardware stack levels used:    1
 Hardware stack levels required when called:    5
 This function calls:
		_I2Cdev_writeBits
 This function is called by:
		_MPU6050_initialize
 This function uses a non-reentrant model


 *************** function _MPU6050_setClockSource *****************
 Defined at:
		line 2475 in file "../MPU6050.c"
 Parameters:    Size  Location     Type
  source          1    wreg     unsigned char 
 Auto vars:     Size  Location     Type
  source          1   32[COMRAM] unsigned char 
 Return value:  Size  Location     Type
		None               void
 Registers used:
		wreg, fsr2l, fsr2h, status,2, status,0, prodl, prodh, cstack
 Tracked objects:
		On entry : 
		On exit  : 
		Unchanged: 
 Data sizes:     COMRAM   BANK0   BANK1   BANK2   BANK3   BANK4   BANK5
      Params:         0       0       0       0       0       0       0
      Locals:         1       0       0       0       0       0       0
      Temps:          0       0       0       0       0       0       0
      Totals:         1       0       0       0       0       0       0
Total ram usage:        1 bytes
 Hardware stack levels used:    1
 Hardware stack levels required when called:    5
 This function calls:
		_I2Cdev_writeBits
 This function is called by:
		_MPU6050_initialize
 This function uses a non-reentrant model


 *************** function _I2Cdev_writeBits *****************
 Defined at:
		line 373 in file "../I2Cdev.c"
 Parameters:    Size  Location     Type
  devAddr         1    wreg     unsigned char 
  regAddr         1   22[COMRAM] unsigned char 
  bitStart        1   23[COMRAM] unsigned char 
  length          1   24[COMRAM] unsigned char 
  data            1   25[COMRAM] unsigned char 
 Auto vars:     Size  Location     Type
  devAddr         1   29[COMRAM] unsigned char 
  mask            1   30[COMRAM] unsigned char 
  b               1   31[COMRAM] unsigned char 
[...]
Total ram usage:        2 bytes
 Hardware stack levels used:    1
 This function calls:
		Nothing
 This function is called by:
		_setupCANTxRx
		_initI2C_USART
		_initMPU6050
 This function uses a non-reentrant model


 *************** function _flashLED *****************
 Defined at:
		line 84 in file "main.c"
 Parameters:    Size  Location     Type
		None
 Auto vars:     Size  Location     Type
  count           2    4[COMRAM] int 
 Return value:  Size  Location     Type
		None               void
 Registers used:
		wreg, status,2, status,0, cstack
 Tracked objects:
		On entry : 
		On exit  : 
		Unchanged: 
 Data sizes:     COMRAM   BANK0   BANK1   BANK2   BANK3   BANK4   BANK5
      Params:         0       0       0       0       0       0       0
      Locals:         2       0       0       0       0       0       0
      Temps:          0       0       0       0       0       0       0
      Totals:         2       0       0       0       0       0       0
Total ram usage:        2 bytes
 Hardware stack levels used:    1
 Hardware stack levels required when called:    1
 This function calls:
		_delayzz
 This function is called by:
		_main
 This function uses a non-reentrant model


 *************** function _delayzz *****************
 Defined at:
		line 126 in file "../pic18f458_badgerloop.c"
 Parameters:    Size  Location     Type
		None
 Auto vars:     Size  Location     Type
  j               2    2[COMRAM] int 
  i               2    0[COMRAM] int 
 Return value:  Size  Location     Type
		None               void
 Registers used:
		wreg, status,2, status,0
 Tracked objects:
		On entry : 
		On exit  : 
		Unchanged: 
 Data sizes:     COMRAM   BANK0   BANK1   BANK2   BANK3   BANK4   BANK5
      Params:         0       0       0       0       0       0       0
      Locals:         4       0       0       0       0       0       0
      Temps:          0       0       0       0       0       0       0
      Totals:         4       0       0       0       0       0       0
Total ram usage:        4 bytes
 Hardware stack levels used:    1
 This function calls:
		Nothing
 This function is called by:
		_flashLED
 This function uses a non-reentrant model


 *************** function _convertFrom16To8 *****************
 Defined at:
		line 146 in file "../pic18f458_badgerloop.c"
 Parameters:    Size  Location     Type
  dataAll         2    0[COMRAM] unsigned int 
 Auto vars:     Size  Location     Type
		None
 Return value:  Size  Location     Type
                  2    0[COMRAM] PTR unsigned char 
 Registers used:
		wreg, status,2, status,0
 Tracked objects:
		On entry : 
		On exit  : 
		Unchanged: 
 Data sizes:     COMRAM   BANK0   BANK1   BANK2   BANK3   BANK4   BANK5
      Params:         2       0       0       0       0       0       0
      Locals:         0       0       0       0       0       0       0
      Temps:          3       0       0       0       0       0       0
      Totals:         5       0       0       0       0       0       0
Total ram usage:        5 bytes
 Hardware stack levels used:    1
 This function calls:
		Nothing
 This function is called by:
		_main
 This function uses a non-reentrant model


 *************** function _MPU6050_getMotion6 *****************
 Defined at:
		line 1733 in file "../MPU6050.c"
 Parameters:    Size  Location     Type
  ax              2   18[COMRAM] PTR int 
		 -> main@ax(2), 
  ay              2   20[COMRAM] PTR int 
		 -> main@ay(2), 
  az              2   22[COMRAM] PTR int 
		 -> main@az(2), 
  gx              2   24[COMRAM] PTR int 
		 -> main@gx(2), 
  gy              2   26[COMRAM] PTR int 
		 -> main@gy(2), 
  gz              2   28[COMRAM] PTR int 
		 -> main@gz(2), 
 Auto vars:     Size  Location     Type
		None
 Return value:  Size  Location     Type
		None               void
 Registers used:
		wreg, fsr2l, fsr2h, status,2, status,0, prodl, prodh, cstack
 Tracked objects:
		On entry : 
		On exit  : 
		Unchanged: 
 Data sizes:     COMRAM   BANK0   BANK1   BANK2   BANK3   BANK4   BANK5
      Params:        12       0       0       0       0       0       0
      Locals:         0       0       0       0       0       0       0
      Temps:          2       0       0       0       0       0       0
      Totals:        14       0       0       0       0       0       0
Total ram usage:       14 bytes
 Hardware stack levels used:    1
 Hardware stack levels required when called:    3
 This function calls:
		_I2Cdev_readBytes
 This function is called by:
		_main
		_MPU6050_getMotion9
 This function uses a non-reentrant model


 *************** function _MPU6050_getFullScaleAccelRange *****************
 Defined at:
		line 319 in file "../MPU6050.c"
 Parameters:    Size  Location     Type
		None
 Auto vars:     Size  Location     Type
		None
 Return value:  Size  Location     Type
                  1    wreg      unsigned char 
 Registers used:
		wreg, fsr2l, fsr2h, status,2, status,0, prodl, prodh, cstack
 Tracked objects:
		On entry : 
		On exit  : 
		Unchanged: 
 Data sizes:     COMRAM   BANK0   BANK1   BANK2   BANK3   BANK4   BANK5
      Params:         0       0       0       0       0       0       0
      Locals:         0       0       0       0       0       0       0
      Temps:          0       0       0       0       0       0       0
      Totals:         0       0       0       0       0       0       0
Total ram usage:        0 bytes
 Hardware stack levels used:    1
 Hardware stack levels required when called:    5
 This function calls:
		_I2Cdev_readBits
 This function is called by:
		_main
 This function uses a non-reentrant model


 *************** function _I2Cdev_readBits *****************
 Defined at:
		line 206 in file "../I2Cdev.c"
 Parameters:    Size  Location     Type
  devAddr         1    wreg     unsigned char 
  regAddr         1   22[COMRAM] unsigned char 
  bitStart        1   23[COMRAM] unsigned char 
  length          1   24[COMRAM] unsigned char 
  data            2   25[COMRAM] PTR unsigned char 
		 -> mpu6050(15), 
 Auto vars:     Size  Location     Type
  devAddr         1   31[COMRAM] unsigned char 
  mask            1   32[COMRAM] unsigned char 
  b               1   33[COMRAM] unsigned char 
  count           1   30[COMRAM] unsigned char 
 Return value:  Size  Location     Type
                  1    wreg      char 
 Registers used:
		wreg, fsr2l, fsr2h, status,2, status,0, prodl, prodh, cstack
 Tracked objects:
		On entry : 
		On exit  : 
		Unchanged: 
 Data sizes:     COMRAM   BANK0   BANK1   BANK2   BANK3   BANK4   BANK5
      Params:         5       0       0       0       0       0       0
      Locals:         4       0       0       0       0       0       0
      Temps:          3       0       0       0       0       0       0
      Totals:        12       0       0       0       0       0       0
Total ram usage:       12 bytes
 Hardware stack levels used:    1
 Hardware stack levels required when called:    4
 This function calls:
		_I2Cdev_readByte
 This function is called by:
		_MPU6050_getFullScaleAccelRange
		_MPU6050_getExternalFrameSync
		_MPU6050_getDLPFMode
		_MPU6050_getFullScaleGyroRange
		_MPU6050_getDHPFMode
		_MPU6050_getMasterClockSpeed
		_MPU6050_getSlaveDataLength
		_MPU6050_getSlave4MasterDelay
		_MPU6050_getAccelerometerPowerOnDelay
		_MPU6050_getFreefallDetectionCounterDecrement
		_MPU6050_getMotionDetectionCounterDecrement
		_MPU6050_getClockSource
		_MPU6050_getWakeFrequency
		_MPU6050_getDeviceID
		_MPU6050_getXGyroOffsetTC
		_MPU6050_getYGyroOffsetTC
		_MPU6050_getZGyroOffsetTC
 This function uses a non-reentrant model


 *************** function _I2Cdev_readByte *****************
 Defined at:
		line 95 in file "../I2Cdev.c"
 Parameters:    Size  Location     Type
  devAddr         1    wreg     unsigned char 
  regAddr         1   18[COMRAM] unsigned char 
  data            2   19[COMRAM] PTR unsigned char 
		 -> mpu6050(15), I2Cdev_writeBits@b(1), I2Cdev_writeBit@b(1), I2Cdev_readBits@b(1), 
		 -> I2Cdev_readBit@b(1), 
 Auto vars:     Size  Location     Type
  devAddr         1   21[COMRAM] unsigned char 
 Return value:  Size  Location     Type
                  1    wreg      char 
 Registers used:
		wreg, fsr2l, fsr2h, status,2, status,0, prodl, prodh, cstack
 Tracked objects:
		On entry : 
		On exit  : 
		Unchanged: 
 Data sizes:     COMRAM   BANK0   BANK1   BANK2   BANK3   BANK4   BANK5
      Params:         3       0       0       0       0       0       0
      Locals:         1       0       0       0       0       0       0
      Temps:          0       0       0       0       0       0       0
      Totals:         4       0       0       0       0       0       0
Total ram usage:        4 bytes
 Hardware stack levels used:    1
 Hardware stack levels required when called:    3
 This function calls:
		_I2Cdev_readBytes
 This function is called by:
		_I2Cdev_readBits
		_I2Cdev_writeBit
		_I2Cdev_writeBits
		_I2Cdev_readBit
		_MPU6050_getRate
		_MPU6050_getFreefallDetectionThreshold
		_MPU6050_getFreefallDetectionDuration
		_MPU6050_getMotionDetectionThreshold
		_MPU6050_getMotionDetectionDuration
		_MPU6050_getZeroMotionDetectionThreshold
		_MPU6050_getZeroMotionDetectionDuration
		_MPU6050_getSlaveAddress
		_MPU6050_getSlaveRegister
		_MPU6050_getSlave4Address
		_MPU6050_getSlave4Register
		_MPU6050_getSlate4InputByte
		_MPU6050_getIntEnabled
		_MPU6050_getIntStatus
		_MPU6050_getExternalSensorByte
		_MPU6050_getFIFOByte
		_MPU6050_getXFineGain
		_MPU6050_getYFineGain
		_MPU6050_getZFineGain
		_MPU6050_readMemoryByte
		_MPU6050_getDMPConfig1
		_MPU6050_getDMPConfig2
 This function uses a non-reentrant model


 *************** function _I2Cdev_readBytes *****************
 Defined at:
		line 43 in file "../I2Cdev.c"
 Parameters:    Size  Location     Type
  devAddr         1    wreg     unsigned char 
  regAddr         1    6[COMRAM] unsigned char 
  length          1    7[COMRAM] unsigned char 
  data            2    8[COMRAM] PTR unsigned char 
		 -> I2C_Bytes(3), mpu6050(15), I2Cdev_writeBits@b(1), I2Cdev_writeBit@b(1), 
		 -> I2Cdev_readBits@b(1), I2Cdev_readBit@b(1), 
 Auto vars:     Size  Location     Type
  devAddr         1   16[COMRAM] unsigned char 
  count           1   17[COMRAM] char 
 Return value:  Size  Location     Type
                  1    wreg      char 
 Registers used:
		wreg, fsr2l, fsr2h, status,2, status,0, prodl, prodh, cstack
 Tracked objects:
		On entry : 
		On exit  : 
		Unchanged: 
 Data sizes:     COMRAM   BANK0   BANK1   BANK2   BANK3   BANK4   BANK5
      Params:         4       0       0       0       0       0       0
      Locals:         2       0       0       0       0       0       0
      Temps:          6       0       0       0       0       0       0
      Totals:        12       0       0       0       0       0       0
Total ram usage:       12 bytes
 Hardware stack levels used:    1
 Hardware stack levels required when called:    2
 This function calls:
		_IdleI2C
		_ReadI2C
		_WriteI2C
		___wmul
 This function is called by:
		_I2Cdev_readByte
		_MPU6050_getMotion6
		_MPU6050_getAcceleration
		_MPU6050_getAccelerationX
		_MPU6050_getAccelerationY
		_MPU6050_getAccelerationZ
		_MPU6050_getTemperature
		_MPU6050_getRotation
		_MPU6050_getRotationX
		_MPU6050_getRotationY
		_MPU6050_getRotationZ
		_MPU6050_getExternalSensorWord
		_MPU6050_getExternalSensorDWord
		_MPU6050_getFIFOCount
		_MPU6050_getFIFOBytes
		_MPU6050_getXAccelOffset
		_MPU6050_getYAccelOffset
		_MPU6050_getZAccelOffset
		_MPU6050_getXGyroOffset
		_MPU6050_getYGyroOffset
		_MPU6050_getZGyroOffset
		_MPU6050_readMemoryBlock
		_MS_5803_ADC
		_MS_5803_init
 This function uses a non-reentrant model


 *************** function ___wmul *****************
 Defined at:
		line 15 in file "/Applications/microchip/xc8/v1.32/sources/common/Umul16.c"
 Parameters:    Size  Location     Type
  multiplier      2    0[COMRAM] unsigned int 
  multiplicand    2    2[COMRAM] unsigned int 
 Auto vars:     Size  Location     Type
  product         2    4[COMRAM] unsigned int 
 Return value:  Size  Location     Type
                  2    0[COMRAM] unsigned int 
 Registers used:
		wreg, status,2, status,0, prodl, prodh
 Tracked objects:
		On entry : 
		On exit  : 
		Unchanged: 
 Data sizes:     COMRAM   BANK0   BANK1   BANK2   BANK3   BANK4   BANK5
      Params:         4       0       0       0       0       0       0
      Locals:         2       0       0       0       0       0       0
      Temps:          0       0       0       0       0       0       0
      Totals:         6       0       0       0       0       0       0
Total ram usage:        6 bytes
 Hardware stack levels used:    1
 This function calls:
		Nothing
 This function is called by:
		_I2Cdev_readBytes
		_I2Cdev_readWords
 This function uses a non-reentrant model


 *************** function _WriteI2C *****************
 Defined at:
		line 12 in file "/Applications/microchip/xc8/v1.32/sources/pic18/plib/i2c/i2c_writ.c"
 Parameters:    Size  Location     Type
  data_out        1    wreg     unsigned char 
 Auto vars:     Size  Location     Type
  data_out        1    2[COMRAM] unsigned char 
 Return value:  Size  Location     Type
                  1    wreg      char 
 Registers used:
		wreg, status,2, status,0, cstack
 Tracked objects:
		On entry : 
		On exit  : 
		Unchanged: 
 Data sizes:     COMRAM   BANK0   BANK1   BANK2   BANK3   BANK4   BANK5
      Params:         0       0       0       0       0       0       0
      Locals:         1       0       0       0       0       0       0
      Temps:          1       0       0       0       0       0       0
      Totals:         2       0       0       0       0       0       0
Total ram usage:        2 bytes
 Hardware stack levels used:    1
 Hardware stack levels required when called:    1
 This function calls:
		_IdleI2C
 This function is called by:
		_I2Cdev_readBytes
		_I2Cdev_writeBytes
		_I2Cdev_readWords
		_I2Cdev_writeWords
 This function uses a non-reentrant model


 *************** function _IdleI2C *****************
 Defined at:
		line 24 in file "/Applications/microchip/xc8/v1.32/sources/pic18/plib/i2c/i2c_idle.c"
 Parameters:    Size  Location     Type
		None
 Auto vars:     Size  Location     Type
		None
 Return value:  Size  Location     Type
		None               void
 Registers used:
		wreg, status,2, status,0
 Tracked objects:
		On entry : 
		On exit  : 
		Unchanged: 
 Data sizes:     COMRAM   BANK0   BANK1   BANK2   BANK3   BANK4   BANK5
      Params:         0       0       0       0       0       0       0
      Locals:         0       0       0       0       0       0       0
      Temps:          1       0       0       0       0       0       0
      Totals:         1       0       0       0       0       0       0
Total ram usage:        1 bytes
 Hardware stack levels used:    1
 This function calls:
		Nothing
 This function is called by:
		_I2Cdev_readBytes
		_I2Cdev_writeBytes
		_WriteI2C
		_I2Cdev_readWords
		_I2Cdev_writeWords
 This function uses a non-reentrant model


 *************** function _ReadI2C *****************
 Defined at:
		line 11 in file "/Applications/microchip/xc8/v1.32/sources/pic18/plib/i2c/i2c_read.c"
 Parameters:    Size  Location     Type
		None
 Auto vars:     Size  Location     Type
		None
 Return value:  Size  Location     Type
                  1    wreg      unsigned char 
 Registers used:
		wreg, status,2, status,0
 Tracked objects:
		On entry : 
		On exit  : 
		Unchanged: 
 Data sizes:     COMRAM   BANK0   BANK1   BANK2   BANK3   BANK4   BANK5
      Params:         0       0       0       0       0       0       0
      Locals:         0       0       0       0       0       0       0
      Temps:          1       0       0       0       0       0       0
      Totals:         1       0       0       0       0       0       0
Total ram usage:        1 bytes
 Hardware stack levels used:    1
 This function calls:
		Nothing
 This function is called by:
		_I2Cdev_readBytes
		_I2Cdev_readWords
 This function uses a non-reentrant model


 *************** function _CAN_Transmit *****************
 Defined at:
		line 18 in file "main.c"
 Parameters:    Size  Location     Type
		None
 Auto vars:     Size  Location     Type
  canId           2    3[COMRAM] unsigned int 
 Return value:  Size  Location     Type
		None               void
 Registers used:
		wreg, status,2, status,0
 Tracked objects:
		On entry : 
		On exit  : 
		Unchanged: 
 Data sizes:     COMRAM   BANK0   BANK1   BANK2   BANK3   BANK4   BANK5
      Params:         0       0       0       0       0       0       0
      Locals:         2       0       0       0       0       0       0
      Temps:          3       0       0       0       0       0       0
      Totals:         5       0       0       0       0       0       0
Total ram usage:        5 bytes
 Hardware stack levels used:    1
 This function calls:
		Nothing
 This function is called by:
		_main
 This function uses a non-reentrant model



MODULE INFORMATION

Module		Function		Class		Link	Load	Size
/Applications/microchip/xc8/v1.32/sources/pic18/d10ktcyx.c
		_Delay10KTCYx  		CODE           	3714	0000	28

/Applications/microchip/xc8/v1.32/sources/pic18/d10ktcyx.c estimated size: 28

/Applications/microchip/xc8/v1.32/sources/pic18/plib/i2c/i2c_open.c
		_OpenI2C       		CODE           	3806	0000	34

/Applications/microchip/xc8/v1.32/sources/pic18/plib/i2c/i2c_open.c estimated size: 34

/Applications/microchip/xc8/v1.32/sources/pic18/plib/USART/uopen.c
		_OpenUSART     		CODE           	39BC	0000	96

/Applications/microchip/xc8/v1.32/sources/pic18/plib/USART/uopen.c estimated size: 96

../MPU6050.c
		_MPU6050_initia		CODE           	37C6	0000	30
		_MPU6050_setFul		CODE           	37A8	0000	30
		_MPU6050_setSle		CODE           	36FA	0000	26
		_MPU6050       		CODE           	3698	0000	12
		_MPU6050_setClo		CODE           	376C	0000	30
		_MPU6050_getFul		CODE           	37E4	0000	34
		_MPU6050_setFul		CODE           	378A	0000	30
		_MPU6050_getMot		CODE           	3DDC	0000	244

../MPU6050.c estimated size: 436

../pic18f458_badgerloop.c
		_initI2C_USART 		CODE           	38F0	0000	44
		_delayzz       		CODE           	391C	0000	66
		_initMPU6050   		CODE           	36CC	0000	22
		_CAN_Init      		CODE           	3A84	0000	104
		_CAN_SetMode   		CODE           	36E2	0000	24
		_convertFrom16T		CODE           	384A	0000	38
		_setupCANTxRx  		CODE           	36B8	0000	20

../pic18f458_badgerloop.c estimated size: 318

/Applications/microchip/xc8/v1.32/sources/pic18/plib/i2c/i2c_writ.c
		_WriteI2C      		CODE           	3A1C	0000	104

/Applications/microchip/xc8/v1.32/sources/pic18/plib/i2c/i2c_writ.c estimated size: 104

/Applications/microchip/xc8/v1.32/sources/pic18/plib/i2c/i2c_read.c
		_ReadI2C       		CODE           	38C4	0000	44

/Applications/microchip/xc8/v1.32/sources/pic18/plib/i2c/i2c_read.c estimated size: 44

/Applications/microchip/xc8/v1.32/sources/common/Umul16.c
		___wmul        		CODE           	3870	0000	42

/Applications/microchip/xc8/v1.32/sources/common/Umul16.c estimated size: 42

shared
		__initializatio		CODE           	3828	0000	24

shared estimated size: 24

/Applications/microchip/xc8/v1.32/sources/pic18/plib/i2c/i2c_idle.c
		_IdleI2C       		CODE           	36A4	0000	20

/Applications/microchip/xc8/v1.32/sources/pic18/plib/i2c/i2c_idle.c estimated size: 20

../I2Cdev.c
		_I2Cdev_writeBy		CODE           	395E	0000	94
		_I2Cdev_readByt		CODE           	3730	0000	30
		_I2Cdev_writeBi		CODE           	3B66	0000	126
		_I2Cdev_readBit		CODE           	3BE4	0000	128
		_I2Cdev_writeBy		CODE           	374E	0000	30
		_I2Cdev_readByt		CODE           	3CEE	0000	238
		_I2Cdev_writeBi		CODE           	3C64	0000	138

../I2Cdev.c estimated size: 784

main.c
		_flashLED      		CODE           	389A	0000	42
		_CAN_Transmit  		CODE           	3AEC	0000	120
		_main          		CODE           	3ED0	0000	304

main.c estimated size: 466

