Microchip MPLAB XC8 Compiler V1.32 ()

Linker command line:

--edf=/Applications/microchip/xc8/v1.32/dat/en_msgs.txt -cs \
  -h+dist/default/production/CAN_Transmit_MPU6050.X.production.sym \
  --cmf=dist/default/production/CAN_Transmit_MPU6050.X.production.cmf -z \
  -Q18F458 -o/tmp/cgtEVjP6x \
  -Mdist/default/production/CAN_Transmit_MPU6050.X.production.map -E1 \
  -ver=XC8 -ASTACK=096h-05ffh -pstack=STACK -ACODE=00h-03FFFhx2 \
  -ACONST=00h-07FFFh -ASMALLCONST=0600h-06FFhx122 \
  -AMEDIUMCONST=0600h-07FFFh -ACOMRAM=01h-05Fh -AABS1=00h-05FFh \
  -ABIGRAM=01h-05FFh -ARAM=060h-0FFh,0100h-01FFhx5 -ABANK0=060h-0FFh \
  -ABANK1=0100h-01FFh -ABANK2=0200h-02FFh -ABANK3=0300h-03FFh \
  -ABANK4=0400h-04FFh -ABANK5=0500h-05FFh -ASFR=0F00h-0F5Fh,0F60h-0FFFh \
  -preset_vec=00h,intcode,intcodelo,powerup,init,end_init -pramtop=0600h \
  -psmallconst=SMALLCONST -pmediumconst=MEDIUMCONST -pconst=CONST \
  -AFARRAM=00h-00h -ACONFIG=0300000h-030000Dh -pconfig=CONFIG \
  -AIDLOC=0200000h-0200007h -pidloc=IDLOC -AEEDATA=0F00000h-0F000FFh \
  -peeprom_data=EEDATA \
  -prdata=COMRAM,nvrram=COMRAM,nvbit=COMRAM,rbss=COMRAM,rbit=COMRAM \
  -pfarbss=FARRAM,fardata=FARRAM,nvFARRAM=FARRAM \
  -pintsave_regs=BIGRAM,bigbss=BIGRAM,bigdata=BIGRAM -pbss=RAM \
  -pidata=CODE,irdata=CODE,ibigdata=CODE,ifardata=CODE /tmp/cgtnzkTJN.obj \
  dist/default/production/CAN_Transmit_MPU6050.X.production.obj 

Object code version is 3.11

Machine type is 18F458

Call graph: (short form)




                Name                               Link     Load   Length Selector   Space Scale
/tmp/cgtnzkTJN.obj
                end_init                              2        2        4        0       0
                text                               380C     380C        2     1C06       0
                reset_vec                             0        0        2        0       0
                idloc                            200000   200000        8   200000       0
                config                           300000   300000        E   300000       0
dist/default/production/CAN_Transmit_MPU6050.X.production.obj
                text28                             3D0A     3D0A       8A     1E85       0
                text27                             3A1A     3A1A       2C     1D0D       0
                text26                             381A     381A       14     1C0D       0
                text25                             3B46     3B46       68     1DA3       0
                text24                             39C6     39C6       2A     1CE3       0
                text23                             3E1E     3E1E       EE     1F0F       0
                text22                             3F0C     3F0C       F4     1F86       0
                text21                             3A46     3A46       42     1D23       0
                text20                             39F0     39F0       2A     1CF8       0
                text19                             388A     388A       1C     1C45       0
                text18                             395A     395A       22     1CAD       0
                text17                             3AE6     3AE6       60     1D73       0
                text16                             399E     399E       28     1CCF       0
                text15                             380E     380E        C     1C07       0
                text14                             38A6     38A6       1E     1C53       0
                text13                             3A88     3A88       5E     1D44       0
                text12                             38C4     38C4       1E     1C62       0
                text11                             3D94     3D94       8A     1ECA       0
                text10                             38E2     38E2       1E     1C71       0
                text9                              3900     3900       1E     1C80       0
                text8                              391E     391E       1E     1C8F       0
                text7                              3C8C     3C8C       7E     1E46       0
                text6                              3870     3870       1A     1C38       0
                text5                              393C     393C       1E     1C9E       0
                text4                              3842     3842       16     1C21       0
                text3                              3858     3858       18     1C2C       0
                text2                              3BAE     3BAE       68     1DD7       0
                text1                              382E     382E       14     1C17       0
                cstackCOMRAM                         30       30       2F        1       1
                bssBANK0                             60       60       36       60       1
                bssCOMRAM                             1        1       2F        1       1
                cinit                              397C     397C       22     1CBE       0
                text0                              3C16     3C16       76     1E0B       0

TOTAL           Name                               Link     Load   Length     Space
        CLASS   STACK          

        CLASS   CODE           
                end_init                              2        2        4         0
                text                               380C     380C        2         0
                reset_vec                             0        0        2         0
                text28                             3D0A     3D0A       8A         0
                text27                             3A1A     3A1A       2C         0
                text26                             381A     381A       14         0
                text25                             3B46     3B46       68         0
                text24                             39C6     39C6       2A         0
                text23                             3E1E     3E1E       EE         0
                text22                             3F0C     3F0C       F4         0
                text21                             3A46     3A46       42         0
                text20                             39F0     39F0       2A         0
                text19                             388A     388A       1C         0
                text18                             395A     395A       22         0
                text17                             3AE6     3AE6       60         0
                text16                             399E     399E       28         0
                text15                             380E     380E        C         0
                text14                             38A6     38A6       1E         0
                text13                             3A88     3A88       5E         0
                text12                             38C4     38C4       1E         0
                text11                             3D94     3D94       8A         0
                text10                             38E2     38E2       1E         0
                text9                              3900     3900       1E         0
                text8                              391E     391E       1E         0
                text7                              3C8C     3C8C       7E         0
                text6                              3870     3870       1A         0
                text5                              393C     393C       1E         0
                text4                              3842     3842       16         0
                text3                              3858     3858       18         0
                text2                              3BAE     3BAE       68         0
                text1                              382E     382E       14         0
                cinit                              397C     397C       22         0
                text0                              3C16     3C16       76         0

        CLASS   CONST          

        CLASS   SMALLCONST     

        CLASS   MEDIUMCONST    

        CLASS   COMRAM         
                cstackCOMRAM                         30       30       2F         1
                bssCOMRAM                             1        1       2F         1

        CLASS   ABS1           

        CLASS   BIGRAM         

        CLASS   RAM            

        CLASS   BANK0          
                bssBANK0                             60       60       36         1

        CLASS   BANK1          

        CLASS   BANK2          

        CLASS   BANK3          

        CLASS   BANK4          

        CLASS   BANK5          

        CLASS   SFR            

        CLASS   FARRAM         

        CLASS   CONFIG         
                config                           300000   300000        E         0

        CLASS   IDLOC          
                idloc                            200000   200000        8         0

        CLASS   EEDATA         



SEGMENTS        Name                           Load    Length   Top    Selector   Space  Class

                reset_vec                      000000  000006  000006         0       0  CODE    
                bssCOMRAM                      000001  00005E  00005F         1       1  COMRAM  
                bssBANK0                       000060  000036  000096        60       1  BANK0   
                text                           00380C  000002  00380E      1C06       0  CODE    
                text15                         00380E  00000C  00381A      1C07       0  CODE    
                text26                         00381A  000014  00382E      1C0D       0  CODE    
                text1                          00382E  000014  003842      1C17       0  CODE    
                text4                          003842  000016  003858      1C21       0  CODE    
                text3                          003858  000018  003870      1C2C       0  CODE    
                text6                          003870  00001A  00388A      1C38       0  CODE    
                text19                         00388A  00001C  0038A6      1C45       0  CODE    
                text14                         0038A6  00001E  0038C4      1C53       0  CODE    
                text12                         0038C4  00001E  0038E2      1C62       0  CODE    
                text10                         0038E2  00001E  003900      1C71       0  CODE    
                text9                          003900  00001E  00391E      1C80       0  CODE    
                text8                          00391E  00001E  00393C      1C8F       0  CODE    
                text5                          00393C  00001E  00395A      1C9E       0  CODE    
                text18                         00395A  000022  00397C      1CAD       0  CODE    
                cinit                          00397C  000022  00399E      1CBE       0  CODE    
                text16                         00399E  000028  0039C6      1CCF       0  CODE    
                text24                         0039C6  00002A  0039F0      1CE3       0  CODE    
                text20                         0039F0  00002A  003A1A      1CF8       0  CODE    
                text27                         003A1A  00002C  003A46      1D0D       0  CODE    
                text21                         003A46  000042  003A88      1D23       0  CODE    
                text13                         003A88  00005E  003AE6      1D44       0  CODE    
                text17                         003AE6  000060  003B46      1D73       0  CODE    
                text25                         003B46  000068  003BAE      1DA3       0  CODE    
                text2                          003BAE  000068  003C16      1DD7       0  CODE    
                text0                          003C16  000076  003C8C      1E0B       0  CODE    
                text7                          003C8C  00007E  003D0A      1E46       0  CODE    
                text28                         003D0A  00008A  003D94      1E85       0  CODE    
                text11                         003D94  00008A  003E1E      1ECA       0  CODE    
                text23                         003E1E  0000EE  003F0C      1F0F       0  CODE    
                text22                         003F0C  0000F4  004000      1F86       0  CODE    
                idloc                          200000  000008  200008    200000       0  IDLOC   
                config                         300000  00000E  30000E    300000       0  CONFIG  


UNUSED ADDRESS RANGES

        Name                Unused          Largest block    Delta
        BANK0            000096-0000FF               6A
        BANK1            000100-0001FF              100
        BANK2            000200-0002FF              100
        BANK3            000300-0003FF              100
        BANK4            000400-0004FF              100
        BANK5            000500-0005FF              100
        BIGRAM           00005F-00005F                1
                         000096-0005FF              56A
        CODE             000006-00380B             3806
                         004000-007FFF             4000
        COMRAM           00005F-00005F                1
        CONST            000006-00380B             3806
                         004000-007FFF             4000
        EEDATA           F00000-F000FF              100
        MEDIUMCONST      000600-00380B             320C
                         004000-007FFF             4000
        RAM              000096-0005FF              100
        SFR              000F00-000FFF               60
        SMALLCONST       000600-00380B              100
                         004000-007FFF              100
        STACK            000096-0005FF              56A

                                  Symbol Table

?___wmul                                                                     cstackCOMRAM 000030
CAN_SetMode@canMode                                                          cstackCOMRAM 000030
CAN_Transmit@canId                                                           cstackCOMRAM 000033
Delay10KTCYx@unit                                                            cstackCOMRAM 000031
I2Cdev_readByte@data                                                         cstackCOMRAM 000043
I2Cdev_readByte@devAddr                                                      cstackCOMRAM 000045
I2Cdev_readByte@regAddr                                                      cstackCOMRAM 000042
I2Cdev_readBytes@count                                                       cstackCOMRAM 000041
I2Cdev_readBytes@data                                                        cstackCOMRAM 000038
I2Cdev_readBytes@devAddr                                                     cstackCOMRAM 000040
I2Cdev_readBytes@length                                                      cstackCOMRAM 000037
I2Cdev_readBytes@regAddr                                                     cstackCOMRAM 000036
I2Cdev_writeBit@b                                                            cstackCOMRAM 000051
I2Cdev_writeBit@bitNum                                                       cstackCOMRAM 000047
I2Cdev_writeBit@data                                                         cstackCOMRAM 000048
I2Cdev_writeBit@devAddr                                                      cstackCOMRAM 000050
I2Cdev_writeBit@regAddr                                                      cstackCOMRAM 000046
I2Cdev_writeBits@b                                                           cstackCOMRAM 00004F
I2Cdev_writeBits@bitStart                                                    cstackCOMRAM 000047
I2Cdev_writeBits@data                                                        cstackCOMRAM 000049
I2Cdev_writeBits@devAddr                                                     cstackCOMRAM 00004D
I2Cdev_writeBits@length                                                      cstackCOMRAM 000048
I2Cdev_writeBits@mask                                                        cstackCOMRAM 00004E
I2Cdev_writeBits@regAddr                                                     cstackCOMRAM 000046
I2Cdev_writeByte@data                                                        cstackCOMRAM 00003A
I2Cdev_writeByte@devAddr                                                     cstackCOMRAM 00003B
I2Cdev_writeByte@regAddr                                                     cstackCOMRAM 000039
I2Cdev_writeBytes@data                                                       cstackCOMRAM 000035
I2Cdev_writeBytes@devAddr                                                    cstackCOMRAM 000037
I2Cdev_writeBytes@i                                                          cstackCOMRAM 000038
I2Cdev_writeBytes@length                                                     cstackCOMRAM 000034
I2Cdev_writeBytes@regAddr                                                    cstackCOMRAM 000033
MPU6050@address                                                              cstackCOMRAM 000030
MPU6050_getMotion6@ax                                                        cstackCOMRAM 000042
MPU6050_getMotion6@ay                                                        cstackCOMRAM 000044
MPU6050_getMotion6@az                                                        cstackCOMRAM 000046
MPU6050_getMotion6@gx                                                        cstackCOMRAM 000048
MPU6050_getMotion6@gy                                                        cstackCOMRAM 00004A
MPU6050_getMotion6@gz                                                        cstackCOMRAM 00004C
MPU6050_setClockSource@source                                                cstackCOMRAM 000050
MPU6050_setFullScaleAccelRange@range                                         cstackCOMRAM 000050
MPU6050_setFullScaleGyroRange@range                                          cstackCOMRAM 000050
MPU6050_setSleepEnabled@enabled                                              cstackCOMRAM 000052
OpenI2C@slew                                                                 cstackCOMRAM 000030
OpenI2C@sync_mode                                                            cstackCOMRAM 000031
OpenUSART@config                                                             cstackCOMRAM 000032
OpenUSART@spbrg                                                              cstackCOMRAM 000030
WriteI2C@data_out                                                            cstackCOMRAM 000032
_BRGCON1                                                                     (abs)        000F70
_BRGCON2                                                                     (abs)        000F71
_CANCON                                                                      (abs)        000F6F
_CANSTAT                                                                     (abs)        000F6E
_CAN_Init                                                                    text2        003BAE
_CAN_SetMode                                                                 text3        003858
_CAN_Transmit                                                                text28       003D0A
_D1                                                                          bssBANK0     000070
_D2                                                                          bssBANK0     000074
_Delay10KTCYx                                                                text19       00388A
_HighByte                                                                    bssCOMRAM    000017
_I2C_Bytes                                                                   bssCOMRAM    00002D
_I2Cdev_readByte                                                             text14       0038A6
_I2Cdev_readBytes                                                            text23       003E1E
_I2Cdev_writeBit                                                             text7        003C8C
_I2Cdev_writeBit$364                                                         cstackCOMRAM 00004E
_I2Cdev_writeBits                                                            text11       003D94
_I2Cdev_writeByte                                                            text12       0038C4
_I2Cdev_writeBytes                                                           text13       003A88
_IdleI2C                                                                     text26       00381A
_LATBbits                                                                    (abs)        000F8A
_LowByte                                                                     bssCOMRAM    000018
_MPU6050                                                                     text15       00380E
_MPU6050_getMotion6                                                          text22       003F0C
_MPU6050_initialize                                                          text5        00393C
_MPU6050_setClockSource                                                      text10       0038E2
_MPU6050_setFullScaleAccelRange                                              text9        003900
_MPU6050_setFullScaleGyroRange                                               text8        00391E
_MPU6050_setSleepEnabled                                                     text6        003870
_MidByte                                                                     bssCOMRAM    000019
_OFF2                                                                        bssBANK0     000078
_Offset                                                                      bssCOMRAM    000001
_OpenI2C                                                                     text18       00395A
_OpenUSART                                                                   text17       003AE6
_PIE1bits                                                                    (abs)        000F9D
_PIR1bits                                                                    (abs)        000F9E
_RCSTA                                                                       (abs)        000FAB
_RCSTAbits                                                                   (abs)        000FAB
_RXB0CON                                                                     (abs)        000F60
_RXB0D0                                                                      (abs)        000F66
_RXB0D1                                                                      (abs)        000F67
_RXB0D2                                                                      (abs)        000F68
_RXB0D3                                                                      (abs)        000F69
_RXB0D4                                                                      (abs)        000F6A
_RXB0D5                                                                      (abs)        000F6B
_RXB0D6                                                                      (abs)        000F6C
_RXB0D7                                                                      (abs)        000F6D
_RXB0SIDH                                                                    (abs)        000F61
_RXB0SIDL                                                                    (abs)        000F62
_RXB1CON                                                                     (abs)        000F50
_RXF0SIDL                                                                    (abs)        000F01
_RXF1SIDL                                                                    (abs)        000F05
_RXF2SIDL                                                                    (abs)        000F09
_RXF3SIDL                                                                    (abs)        000F0D
_RXF4SIDL                                                                    (abs)        000F11
_RXF5SIDL                                                                    (abs)        000F15
_RXM0SIDH                                                                    (abs)        000F18
_RXM0SIDL                                                                    (abs)        000F19
_RXM1SIDH                                                                    (abs)        000F1C
_RXM1SIDL                                                                    (abs)        000F1D
_ReadI2C                                                                     text27       003A1A
_Resolution                                                                  bssCOMRAM    000015
_SPBRG                                                                       (abs)        000FAF
_SSPADD                                                                      (abs)        000FC8
_SSPBUF                                                                      (abs)        000FC9
_SSPCON1                                                                     (abs)        000FC6
_SSPCON1bits                                                                 (abs)        000FC6
_SSPCON2                                                                     (abs)        000FC5
_SSPCON2bits                                                                 (abs)        000FC5
_SSPSTAT                                                                     (abs)        000FC7
_SSPSTATbits                                                                 (abs)        000FC7
_Sens2                                                                       bssCOMRAM    000005
_Sensitivity                                                                 bssCOMRAM    000009
_T2                                                                          bssBANK0     00007C
_TEMP                                                                        bssCOMRAM    000029
_TRISB                                                                       (abs)        000F93
_TRISBbits                                                                   (abs)        000F93
_TRISCbits                                                                   (abs)        000F94
_TXB0CON                                                                     (abs)        000F40
_TXB0D0                                                                      (abs)        000F46
_TXB0D1                                                                      (abs)        000F47
_TXB0D2                                                                      (abs)        000F48
_TXB0D3                                                                      (abs)        000F49
_TXB0D4                                                                      (abs)        000F4A
_TXB0D5                                                                      (abs)        000F4B
_TXB0D6                                                                      (abs)        000F4C
_TXB0D7                                                                      (abs)        000F4D
_TXB0DLC                                                                     (abs)        000F45
_TXB0SIDH                                                                    (abs)        000F41
_TXB0SIDL                                                                    (abs)        000F42
_TXSTA                                                                       (abs)        000FAC
_TXSTAbits                                                                   (abs)        000FAC
_WriteI2C                                                                    text25       003B46
__CFG_BOR$ON                                                                 (abs)        000000
__CFG_BORV$25                                                                (abs)        000000
__CFG_CP0$OFF                                                                (abs)        000000
__CFG_CP1$OFF                                                                (abs)        000000
__CFG_CP2$OFF                                                                (abs)        000000
__CFG_CP3$OFF                                                                (abs)        000000
__CFG_CPB$OFF                                                                (abs)        000000
__CFG_CPD$OFF                                                                (abs)        000000
__CFG_EBTR0$OFF                                                              (abs)        000000
__CFG_EBTR1$OFF                                                              (abs)        000000
__CFG_EBTR2$OFF                                                              (abs)        000000
__CFG_EBTR3$OFF                                                              (abs)        000000
__CFG_EBTRB$OFF                                                              (abs)        000000
__CFG_LVP$OFF                                                                (abs)        000000
__CFG_OSC$HSPLL                                                              (abs)        000000
__CFG_OSCS$OFF                                                               (abs)        000000
__CFG_PWRT$ON                                                                (abs)        000000
__CFG_STVR$OFF                                                               (abs)        000000
__CFG_WDT$OFF                                                                (abs)        000000
__CFG_WDTPS$128                                                              (abs)        000000
__CFG_WRT0$OFF                                                               (abs)        000000
__CFG_WRT1$OFF                                                               (abs)        000000
__CFG_WRT2$OFF                                                               (abs)        000000
__CFG_WRT3$OFF                                                               (abs)        000000
__CFG_WRTB$OFF                                                               (abs)        000000
__CFG_WRTC$OFF                                                               (abs)        000000
__CFG_WRTD$OFF                                                               (abs)        000000
__HRAM                                                                       (abs)        000000
__Habs1                                                                      abs1         000000
__Hbank0                                                                     bank0        000000
__Hbank1                                                                     bank1        000000
__Hbank2                                                                     bank2        000000
__Hbank3                                                                     bank3        000000
__Hbank4                                                                     bank4        000000
__Hbank5                                                                     bank5        000000
__Hbigbss                                                                    bigbss       000000
__Hbigdata                                                                   bigdata      000000
__Hbigram                                                                    bigram       000000
__Hbss                                                                       bss          000000
__HbssBANK0                                                                  bssBANK0     000000
__HbssCOMRAM                                                                 bssCOMRAM    000000
__Hcinit                                                                     cinit        000000
__Hclrtext                                                                   clrtext      000000
__Hcomram                                                                    comram       000000
__Hconfig                                                                    config       30000E
__Hconst                                                                     const        000000
__HcstackCOMRAM                                                              cstackCOMRAM 000000
__Hdata                                                                      data         000000
__Heeprom_data                                                               eeprom_data  000000
__Hend_init                                                                  end_init     000006
__Hfarbss                                                                    farbss       000000
__Hfardata                                                                   fardata      000000
__Hibigdata                                                                  ibigdata     000000
__Hidata                                                                     idata        000000
__Hidloc                                                                     idloc        200008
__Hifardata                                                                  ifardata     000000
__Hinit                                                                      init         000002
__Hintcode                                                                   intcode      000002
__Hintcode_body                                                              intcode_body 000000
__Hintcodelo                                                                 intcodelo    000002
__Hintentry                                                                  intentry     000000
__Hintret                                                                    intret       000000
__Hintsave_regs                                                              intsave_regs 000000
__Hirdata                                                                    irdata       000000
__Hmediumconst                                                               mediumconst  000000
__HnvFARRAM                                                                  nvFARRAM     000000
__Hnvbit                                                                     nvbit        000000
__Hnvrram                                                                    nvrram       000000
__Hparam                                                                     rparam       000000
__Hpowerup                                                                   powerup      000002
__Hram                                                                       ram          000000
__Hramtop                                                                    ramtop       000600
__Hrbit                                                                      rbit         000000
__Hrbss                                                                      rbss         000000
__Hrdata                                                                     rdata        000000
__Hreset_vec                                                                 reset_vec    000002
__Hrparam                                                                    rparam       000000
__Hsfr                                                                       sfr          000000
__Hsmallconst                                                                smallconst   000000
__Hspace_0                                                                   (abs)        30000E
__Hspace_1                                                                   (abs)        000096
__Hspace_2                                                                   (abs)        000000
__Hstack                                                                     stack        000000
__Hstruct                                                                    struct       000000
__Htemp                                                                      temp         000000
__Htext                                                                      text         000000
__Htext0                                                                     text0        000000
__Htext1                                                                     text1        000000
__Htext10                                                                    text10       000000
__Htext11                                                                    text11       000000
__Htext12                                                                    text12       000000
__Htext13                                                                    text13       000000
__Htext14                                                                    text14       000000
__Htext15                                                                    text15       000000
__Htext16                                                                    text16       000000
__Htext17                                                                    text17       000000
__Htext18                                                                    text18       000000
__Htext19                                                                    text19       000000
__Htext2                                                                     text2        000000
__Htext20                                                                    text20       000000
__Htext21                                                                    text21       000000
__Htext22                                                                    text22       000000
__Htext23                                                                    text23       000000
__Htext24                                                                    text24       000000
__Htext25                                                                    text25       000000
__Htext26                                                                    text26       000000
__Htext27                                                                    text27       000000
__Htext28                                                                    text28       000000
__Htext3                                                                     text3        000000
__Htext4                                                                     text4        000000
__Htext5                                                                     text5        000000
__Htext6                                                                     text6        000000
__Htext7                                                                     text7        000000
__Htext8                                                                     text8        000000
__Htext9                                                                     text9        000000
__LRAM                                                                       (abs)        000001
__Labs1                                                                      abs1         000000
__Lbank0                                                                     bank0        000000
__Lbank1                                                                     bank1        000000
__Lbank2                                                                     bank2        000000
__Lbank3                                                                     bank3        000000
__Lbank4                                                                     bank4        000000
__Lbank5                                                                     bank5        000000
__Lbigbss                                                                    bigbss       000000
__Lbigdata                                                                   bigdata      000000
__Lbigram                                                                    bigram       000000
__Lbss                                                                       bss          000000
__LbssBANK0                                                                  bssBANK0     000000
__LbssCOMRAM                                                                 bssCOMRAM    000000
__Lcinit                                                                     cinit        000000
__Lclrtext                                                                   clrtext      000000
__Lcomram                                                                    comram       000000
__Lconfig                                                                    config       300000
__Lconst                                                                     const        000000
__LcstackCOMRAM                                                              cstackCOMRAM 000000
__Ldata                                                                      data         000000
__Leeprom_data                                                               eeprom_data  000000
__Lend_init                                                                  end_init     000002
__Lfarbss                                                                    farbss       000000
__Lfardata                                                                   fardata      000000
__Libigdata                                                                  ibigdata     000000
__Lidata                                                                     idata        000000
__Lidloc                                                                     idloc        200000
__Lifardata                                                                  ifardata     000000
__Linit                                                                      init         000002
__Lintcode                                                                   intcode      000002
__Lintcode_body                                                              intcode_body 000000
__Lintcodelo                                                                 intcodelo    000002
__Lintentry                                                                  intentry     000000
__Lintret                                                                    intret       000000
__Lintsave_regs                                                              intsave_regs 000000
__Lirdata                                                                    irdata       000000
__Lmediumconst                                                               mediumconst  000000
__LnvFARRAM                                                                  nvFARRAM     000000
__Lnvbit                                                                     nvbit        000000
__Lnvrram                                                                    nvrram       000000
__Lparam                                                                     rparam       000000
__Lpowerup                                                                   powerup      000002
__Lram                                                                       ram          000000
__Lramtop                                                                    ramtop       000600
__Lrbit                                                                      rbit         000000
__Lrbss                                                                      rbss         000000
__Lrdata                                                                     rdata        000000
__Lreset_vec                                                                 reset_vec    000000
__Lrparam                                                                    rparam       000000
__Lsfr                                                                       sfr          000000
__Lsmallconst                                                                smallconst   000000
__Lspace_0                                                                   (abs)        000000
__Lspace_1                                                                   (abs)        000000
__Lspace_2                                                                   (abs)        000000
__Lstack                                                                     stack        000000
__Lstruct                                                                    struct       000000
__Ltemp                                                                      temp         000000
__Ltext                                                                      text         000000
__Ltext0                                                                     text0        000000
__Ltext1                                                                     text1        000000
__Ltext10                                                                    text10       000000
__Ltext11                                                                    text11       000000
__Ltext12                                                                    text12       000000
__Ltext13                                                                    text13       000000
__Ltext14                                                                    text14       000000
__Ltext15                                                                    text15       000000
__Ltext16                                                                    text16       000000
__Ltext17                                                                    text17       000000
__Ltext18                                                                    text18       000000
__Ltext19                                                                    text19       000000
__Ltext2                                                                     text2        000000
__Ltext20                                                                    text20       000000
__Ltext21                                                                    text21       000000
__Ltext22                                                                    text22       000000
__Ltext23                                                                    text23       000000
__Ltext24                                                                    text24       000000
__Ltext25                                                                    text25       000000
__Ltext26                                                                    text26       000000
__Ltext27                                                                    text27       000000
__Ltext28                                                                    text28       000000
__Ltext3                                                                     text3        000000
__Ltext4                                                                     text4        000000
__Ltext5                                                                     text5        000000
__Ltext6                                                                     text6        000000
__Ltext7                                                                     text7        000000
__Ltext8                                                                     text8        000000
__Ltext9                                                                     text9        000000
__S0                                                                         (abs)        30000E
__S1                                                                         (abs)        000096
__S2                                                                         (abs)        000000
___inthi_sp                                                                  stack        000000
___intlo_sp                                                                  stack        000000
___sp                                                                        stack        000000
___wmul                                                                      text24       0039C6
___wmul@multiplicand                                                         cstackCOMRAM 000032
___wmul@multiplier                                                           cstackCOMRAM 000030
___wmul@product                                                              cstackCOMRAM 000034
__accesstop                                                                  (abs)        000060
__activetblptr                                                               (abs)        000002
__cntErrataNOP_/tmp/cgtnzkTJN.obj                                            (abs)        000001
__cntErrataNOP_dist/default/production/CAN_Transmit_MPU6050.X.production.obj (abs)        00003C
__end_of_CAN_Init                                                            text2        003C16
__end_of_CAN_SetMode                                                         text3        003870
__end_of_CAN_Transmit                                                        text28       003D92
__end_of_Delay10KTCYx                                                        text19       0038A6
__end_of_I2Cdev_readByte                                                     text14       0038C4
__end_of_I2Cdev_readBytes                                                    text23       003F0C
__end_of_I2Cdev_writeBit                                                     text7        003D0A
__end_of_I2Cdev_writeBits                                                    text11       003E1E
__end_of_I2Cdev_writeByte                                                    text12       0038E2
__end_of_I2Cdev_writeBytes                                                   text13       003AE6
__end_of_IdleI2C                                                             text26       00382E
__end_of_MPU6050                                                             text15       00381A
__end_of_MPU6050_getMotion6                                                  text22       004000
__end_of_MPU6050_initialize                                                  text5        00395A
__end_of_MPU6050_setClockSource                                              text10       003900
__end_of_MPU6050_setFullScaleAccelRange                                      text9        00391E
__end_of_MPU6050_setFullScaleGyroRange                                       text8        00393C
__end_of_MPU6050_setSleepEnabled                                             text6        00388A
__end_of_OpenI2C                                                             text18       00397C
__end_of_OpenUSART                                                           text17       003B46
__end_of_ReadI2C                                                             text27       003A46
__end_of_WriteI2C                                                            text25       003BAE
__end_of___wmul                                                              text24       0039F0
__end_of__initialization                                                     cinit        003994
__end_of_delayzz                                                             text21       003A88
__end_of_flashLED                                                            text20       003A1A
__end_of_initI2C                                                             text16       0039C6
__end_of_initMPU6050                                                         text4        003858
__end_of_main                                                                text0        003C8C
__end_of_setupCANTxRx                                                        text1        003842
__initialization                                                             cinit        00397C
__mediumconst                                                                mediumconst  000000
__pbssBANK0                                                                  bssBANK0     000060
__pbssCOMRAM                                                                 bssCOMRAM    000001
__pcinit                                                                     cinit        00397C
__pcstackCOMRAM                                                              cstackCOMRAM 000030
__ptext0                                                                     text0        003C16
__ptext1                                                                     text1        00382E
__ptext10                                                                    text10       0038E2
__ptext11                                                                    text11       003D94
__ptext12                                                                    text12       0038C4
__ptext13                                                                    text13       003A88
__ptext14                                                                    text14       0038A6
__ptext15                                                                    text15       00380E
__ptext16                                                                    text16       00399E
__ptext17                                                                    text17       003AE6
__ptext18                                                                    text18       00395A
__ptext19                                                                    text19       00388A
__ptext2                                                                     text2        003BAE
__ptext20                                                                    text20       0039F0
__ptext21                                                                    text21       003A46
__ptext22                                                                    text22       003F0C
__ptext23                                                                    text23       003E1E
__ptext24                                                                    text24       0039C6
__ptext25                                                                    text25       003B46
__ptext26                                                                    text26       00381A
__ptext27                                                                    text27       003A1A
__ptext28                                                                    text28       003D0A
__ptext3                                                                     text3        003858
__ptext4                                                                     text4        003842
__ptext5                                                                     text5        00393C
__ptext6                                                                     text6        003870
__ptext7                                                                     text7        003C8C
__ptext8                                                                     text8        00391E
__ptext9                                                                     text9        003900
__ramtop                                                                     ramtop       000600
__size_of_CAN_Init                                                           (abs)        000000
__size_of_CAN_SetMode                                                        (abs)        000000
__size_of_CAN_Transmit                                                       (abs)        000000
__size_of_Delay10KTCYx                                                       (abs)        000000
__size_of_I2Cdev_readByte                                                    (abs)        000000
__size_of_I2Cdev_readBytes                                                   (abs)        000000
__size_of_I2Cdev_writeBit                                                    (abs)        000000
__size_of_I2Cdev_writeBits                                                   (abs)        000000
__size_of_I2Cdev_writeByte                                                   (abs)        000000
__size_of_I2Cdev_writeBytes                                                  (abs)        000000
__size_of_IdleI2C                                                            (abs)        000000
__size_of_MPU6050                                                            (abs)        000000
__size_of_MPU6050_getMotion6                                                 (abs)        000000
__size_of_MPU6050_initialize                                                 (abs)        000000
__size_of_MPU6050_setClockSource                                             (abs)        000000
__size_of_MPU6050_setFullScaleAccelRange                                     (abs)        000000
__size_of_MPU6050_setFullScaleGyroRange                                      (abs)        000000
__size_of_MPU6050_setSleepEnabled                                            (abs)        000000
__size_of_OpenI2C                                                            (abs)        000000
__size_of_OpenUSART                                                          (abs)        000000
__size_of_ReadI2C                                                            (abs)        000000
__size_of_WriteI2C                                                           (abs)        000000
__size_of___wmul                                                             (abs)        000000
__size_of_delayzz                                                            (abs)        000000
__size_of_flashLED                                                           (abs)        000000
__size_of_initI2C                                                            (abs)        000000
__size_of_initMPU6050                                                        (abs)        000000
__size_of_main                                                               (abs)        000000
__size_of_setupCANTxRx                                                       (abs)        000000
__smallconst                                                                 smallconst   000000
_dT                                                                          bssCOMRAM    00000D
_delayzz                                                                     text21       003A46
_flashLED                                                                    text20       0039F0
_initI2C                                                                     text16       00399E
_initMPU6050                                                                 text4        003842
_main                                                                        text0        003C16
_mbar                                                                        bssBANK0     000080
_mbarInt                                                                     bssCOMRAM    000011
_mpu6050                                                                     bssCOMRAM    00001A
_receivedData                                                                bssBANK0     000060
_sendData                                                                    bssBANK0     000068
_sensorCoeffs                                                                bssBANK0     000086
_setupCANTxRx                                                                text1        00382E
_tempC                                                                       bssBANK0     000083
delayzz@i                                                                    cstackCOMRAM 000030
delayzz@j                                                                    cstackCOMRAM 000032
end_of_initialization                                                        cinit        003994
flashLED@count                                                               cstackCOMRAM 000034
intlevel0                                                                    text         00380C
intlevel1                                                                    text         00380C
intlevel2                                                                    text         00380C
intlevel3                                                                    text         00380C
main@ax                                                                      cstackCOMRAM 000053
main@ay                                                                      cstackCOMRAM 00005D
main@az                                                                      cstackCOMRAM 000055
main@gx                                                                      cstackCOMRAM 000057
main@gy                                                                      cstackCOMRAM 000059
main@gz                                                                      cstackCOMRAM 00005B
stackhi                                                                      (abs)        0005FF
stacklo                                                                      (abs)        000096
start                                                                        init         000002
start_initialization                                                         cinit        00397C


FUNCTION INFORMATION:

 *************** function _main *****************
 Defined at:
		line 100 in file "main.c"
 Parameters:    Size  Location     Type
		None
 Auto vars:     Size  Location     Type
  ay              2   45[COMRAM] int 
  gz              2   43[COMRAM] int 
  gy              2   41[COMRAM] int 
  gx              2   39[COMRAM] int 
  az              2   37[COMRAM] int 
  ax              2   35[COMRAM] int 
 Return value:  Size  Location     Type
		None               void
 Registers used:
		wreg, fsr2l, fsr2h, status,2, status,0, prodl, prodh, cstack
 Tracked objects:
		On entry : 
		On exit  : 
		Unchanged: 
 Data sizes:     COMRAM   BANK0   BANK1   BANK2   BANK3   BANK4   BANK5
      Params:         0       0       0       0       0       0       0
      Locals:        12       0       0       0       0       0       0
      Temps:          0       0       0       0       0       0       0
      Totals:        12       0       0       0       0       0       0
Total ram usage:       12 bytes
 Hardware stack levels required when called:    8
 This function calls:
		_CAN_Transmit
		_MPU6050_getMotion6
		_delayzz
		_flashLED
		_initI2C
		_initMPU6050
		_setupCANTxRx
 This function is called by:
		Startup code after reset
 This function uses a non-reentrant model


 *************** function _setupCANTxRx *****************
 Defined at:
		line 191 in file "../pic18f458_badgerloop.c"
 Parameters:    Size  Location     Type
		None
 Auto vars:     Size  Location     Type
		None
 Return value:  Size  Location     Type
		None               void
 Registers used:
		wreg, status,2, status,0, cstack
 Tracked objects:
		On entry : 
		On exit  : 
		Unchanged: 
 Data sizes:     COMRAM   BANK0   BANK1   BANK2   BANK3   BANK4   BANK5
      Params:         0       0       0       0       0       0       0
      Locals:         0       0       0       0       0       0       0
      Temps:          0       0       0       0       0       0       0
      Totals:         0       0       0       0       0       0       0
Total ram usage:        0 bytes
 Hardware stack levels used:    1
 Hardware stack levels required when called:    2
 This function calls:
		_CAN_Init
		_Delay10KTCYx
 This function is called by:
		_main
 This function uses a non-reentrant model


 *************** function _CAN_Init *****************
 Defined at:
		line 145 in file "../pic18f458_badgerloop.c"
 Parameters:    Size  Location     Type
		None
 Auto vars:     Size  Location     Type
		None
 Return value:  Size  Location     Type
		None               void
 Registers used:
		wreg, status,2, status,0, cstack
 Tracked objects:
		On entry : 
		On exit  : 
		Unchanged: 
 Data sizes:     COMRAM   BANK0   BANK1   BANK2   BANK3   BANK4   BANK5
      Params:         0       0       0       0       0       0       0
      Locals:         0       0       0       0       0       0       0
      Temps:          0       0       0       0       0       0       0
      Totals:         0       0       0       0       0       0       0
Total ram usage:        0 bytes
 Hardware stack levels used:    1
 Hardware stack levels required when called:    1
 This function calls:
		_CAN_SetMode
 This function is called by:
		_setupCANTxRx
 This function uses a non-reentrant model


 *************** function _CAN_SetMode *****************
 Defined at:
		line 136 in file "../pic18f458_badgerloop.c"
 Parameters:    Size  Location     Type
  canMode         1    wreg     unsigned char 
 Auto vars:     Size  Location     Type
  canMode         1    0[COMRAM] unsigned char 
 Return value:  Size  Location     Type
		None               void
 Registers used:
		wreg, status,2, status,0
 Tracked objects:
		On entry : 
		On exit  : 
		Unchanged: 
 Data sizes:     COMRAM   BANK0   BANK1   BANK2   BANK3   BANK4   BANK5
      Params:         0       0       0       0       0       0       0
      Locals:         1       0       0       0       0       0       0
      Temps:          0       0       0       0       0       0       0
      Totals:         1       0       0       0       0       0       0
Total ram usage:        1 bytes
 Hardware stack levels used:    1
 This function calls:
		Nothing
 This function is called by:
		_CAN_Init
 This function uses a non-reentrant model


 *************** function _initMPU6050 *****************
 Defined at:
		line 223 in file "../pic18f458_badgerloop.c"
 Parameters:    Size  Location     Type
		None
 Auto vars:     Size  Location     Type
		None
 Return value:  Size  Location     Type
		None               void
 Registers used:
		wreg, fsr2l, fsr2h, status,2, status,0, prodl, prodh, cstack
 Tracked objects:
		On entry : 
		On exit  : 
		Unchanged: 
 Data sizes:     COMRAM   BANK0   BANK1   BANK2   BANK3   BANK4   BANK5
      Params:         0       0       0       0       0       0       0
      Locals:         0       0       0       0       0       0       0
      Temps:          0       0       0       0       0       0       0
      Totals:         0       0       0       0       0       0       0
Total ram usage:        0 bytes
 Hardware stack levels used:    1
 Hardware stack levels required when called:    7
 This function calls:
		_Delay10KTCYx
		_MPU6050
		_MPU6050_initialize
 This function is called by:
		_main
 This function uses a non-reentrant model


 *************** function _MPU6050_initialize *****************
 Defined at:
		line 62 in file "../MPU6050.c"
 Parameters:    Size  Location     Type
		None
 Auto vars:     Size  Location     Type
		None
 Return value:  Size  Location     Type
		None               void
 Registers used:
		wreg, fsr2l, fsr2h, status,2, status,0, prodl, prodh, cstack
 Tracked objects:
		On entry : 
		On exit  : 
		Unchanged: 
 Data sizes:     COMRAM   BANK0   BANK1   BANK2   BANK3   BANK4   BANK5
      Params:         0       0       0       0       0       0       0
      Locals:         0       0       0       0       0       0       0
      Temps:          0       0       0       0       0       0       0
      Totals:         0       0       0       0       0       0       0
Total ram usage:        0 bytes
 Hardware stack levels used:    1
 Hardware stack levels required when called:    6
 This function calls:
		_MPU6050_setClockSource
		_MPU6050_setFullScaleAccelRange
		_MPU6050_setFullScaleGyroRange
		_MPU6050_setSleepEnabled
 This function is called by:
		_initMPU6050
 This function uses a non-reentrant model


 *************** function _MPU6050_setSleepEnabled *****************
 Defined at:
		line 2382 in file "../MPU6050.c"
 Parameters:    Size  Location     Type
  enabled         1    wreg     unsigned char 
 Auto vars:     Size  Location     Type
  enabled         1   34[COMRAM] unsigned char 
 Return value:  Size  Location     Type
		None               void
 Registers used:
		wreg, fsr2l, fsr2h, status,2, status,0, prodl, prodh, cstack
 Tracked objects:
		On entry : 
		On exit  : 
		Unchanged: 
 Data sizes:     COMRAM   BANK0   BANK1   BANK2   BANK3   BANK4   BANK5
      Params:         0       0       0       0       0       0       0
      Locals:         1       0       0       0       0       0       0
      Temps:          0       0       0       0       0       0       0
      Totals:         1       0       0       0       0       0       0
Total ram usage:        1 bytes
 Hardware stack levels used:    1
 Hardware stack levels required when called:    5
 This function calls:
		_I2Cdev_writeBit
 This function is called by:
		_MPU6050_initialize
 This function uses a non-reentrant model


 *************** function _I2Cdev_writeBit *****************
 Defined at:
		line 344 in file "../I2Cdev.c"
 Parameters:    Size  Location     Type
  devAddr         1    wreg     unsigned char 
  regAddr         1   22[COMRAM] unsigned char 
  bitNum          1   23[COMRAM] unsigned char 
  data            1   24[COMRAM] unsigned char 
 Auto vars:     Size  Location     Type
  devAddr         1   32[COMRAM] unsigned char 
  b               1   33[COMRAM] unsigned char 
 Return value:  Size  Location     Type
                  1    wreg      unsigned char 
 Registers used:
		wreg, fsr2l, fsr2h, status,2, status,0, prodl, prodh, cstack
 Tracked objects:
		On entry : 
		On exit  : 
		Unchanged: 
 Data sizes:     COMRAM   BANK0   BANK1   BANK2   BANK3   BANK4   BANK5
      Params:         3       0       0       0       0       0       0
      Locals:         4       0       0       0       0       0       0
      Temps:          5       0       0       0       0       0       0
      Totals:        12       0       0       0       0       0       0
Total ram usage:       12 bytes
 Hardware stack levels used:    1
 Hardware stack levels required when called:    4
 This function calls:
		_I2Cdev_readByte
		_I2Cdev_writeByte
 This function is called by:
		_MPU6050_setSleepEnabled
		_MPU6050_setAuxVDDIOLevel
		_MPU6050_setAccelXSelfTest
		_MPU6050_setAccelYSelfTest
		_MPU6050_setAccelZSelfTest
		_MPU6050_setTempFIFOEnabled
		_MPU6050_setXGyroFIFOEnabled
		_MPU6050_setYGyroFIFOEnabled
		_MPU6050_setZGyroFIFOEnabled
		_MPU6050_setAccelFIFOEnabled
		_MPU6050_setSlave2FIFOEnabled
		_MPU6050_setSlave1FIFOEnabled
		_MPU6050_setSlave0FIFOEnabled
		_MPU6050_setMultiMasterEnabled
		_MPU6050_setWaitForExternalSensorEnabled
		_MPU6050_setSlave3FIFOEnabled
		_MPU6050_setSlaveReadWriteTransitionEnabled
		_MPU6050_setSlaveEnabled
		_MPU6050_setSlaveWordByteSwap
		_MPU6050_setSlaveWriteMode
		_MPU6050_setSlaveWordGroupOffset
		_MPU6050_setSlave4Enabled
		_MPU6050_setSlave4InterruptEnabled
		_MPU6050_setSlave4WriteMode
		_MPU6050_setInterruptMode
		_MPU6050_setInterruptDrive
		_MPU6050_setInterruptLatch
		_MPU6050_setInterruptLatchClear
		_MPU6050_setFSyncInterruptLevel
		_MPU6050_setFSyncInterruptEnabled
		_MPU6050_setI2CBypassEnabled
		_MPU6050_setClockOutputEnabled
		_MPU6050_setIntFreefallEnabled
		_MPU6050_setIntMotionEnabled
		_MPU6050_setIntZeroMotionEnabled
		_MPU6050_setIntFIFOBufferOverflowEnabled
		_MPU6050_setIntI2CMasterEnabled
		_MPU6050_setIntDataReadyEnabled
		_MPU6050_setExternalShadowDelayEnabled
		_MPU6050_setSlaveDelayEnabled
		_MPU6050_resetGyroscopePath
		_MPU6050_resetAccelerometerPath
		_MPU6050_resetTemperaturePath
		_MPU6050_setFIFOEnabled
		_MPU6050_setI2CMasterModeEnabled
		_MPU6050_switchSPIEnabled
		_MPU6050_resetFIFO
		_MPU6050_resetI2CMaster
		_MPU6050_resetSensors
		_MPU6050_reset
		_MPU6050_setWakeCycleEnabled
		_MPU6050_setTempSensorEnabled
		_MPU6050_setStandbyXAccelEnabled
		_MPU6050_setStandbyYAccelEnabled
		_MPU6050_setStandbyZAccelEnabled
		_MPU6050_setStandbyXGyroEnabled
		_MPU6050_setStandbyYGyroEnabled
		_MPU6050_setStandbyZGyroEnabled
		_MPU6050_setOTPBankValid
		_MPU6050_setIntPLLReadyEnabled
		_MPU6050_setIntDMPEnabled
		_MPU6050_setDMPEnabled
		_MPU6050_resetDMP
 This function uses a non-reentrant model


 *************** function _MPU6050_setFullScaleGyroRange *****************
 Defined at:
		line 251 in file "../MPU6050.c"
 Parameters:    Size  Location     Type
  range           1    wreg     unsigned char 
 Auto vars:     Size  Location     Type
  range           1   32[COMRAM] unsigned char 
 Return value:  Size  Location     Type
		None               void
 Registers used:
		wreg, fsr2l, fsr2h, status,2, status,0, prodl, prodh, cstack
 Tracked objects:
		On entry : 
		On exit  : 
		Unchanged: 
 Data sizes:     COMRAM   BANK0   BANK1   BANK2   BANK3   BANK4   BANK5
      Params:         0       0       0       0       0       0       0
      Locals:         1       0       0       0       0       0       0
      Temps:          0       0       0       0       0       0       0
      Totals:         1       0       0       0       0       0       0
Total ram usage:        1 bytes
 Hardware stack levels used:    1
 Hardware stack levels required when called:    5
 This function calls:
		_I2Cdev_writeBits
 This function is called by:
		_MPU6050_initialize
 This function uses a non-reentrant model


 *************** function _MPU6050_setFullScaleAccelRange *****************
 Defined at:
		line 327 in file "../MPU6050.c"
 Parameters:    Size  Location     Type
  range           1    wreg     unsigned char 
 Auto vars:     Size  Location     Type
  range           1   32[COMRAM] unsigned char 
 Return value:  Size  Location     Type
		None               void
 Registers used:
		wreg, fsr2l, fsr2h, status,2, status,0, prodl, prodh, cstack
 Tracked objects:
		On entry : 
		On exit  : 
		Unchanged: 
 Data sizes:     COMRAM   BANK0   BANK1   BANK2   BANK3   BANK4   BANK5
      Params:         0       0       0       0       0       0       0
      Locals:         1       0       0       0       0       0       0
      Temps:          0       0       0       0       0       0       0
      Totals:         1       0       0       0       0       0       0
Total ram usage:        1 bytes
 Hardware stack levels used:    1
 Hardware stack levels required when called:    5
 This function calls:
		_I2Cdev_writeBits
 This function is called by:
		_MPU6050_initialize
 This function uses a non-reentrant model


 *************** function _MPU6050_setClockSource *****************
 Defined at:
		line 2475 in file "../MPU6050.c"
 Parameters:    Size  Location     Type
  source          1    wreg     unsigned char 
 Auto vars:     Size  Location     Type
  source          1   32[COMRAM] unsigned char 
 Return value:  Size  Location     Type
		None               void
 Registers used:
		wreg, fsr2l, fsr2h, status,2, status,0, prodl, prodh, cstack
 Tracked objects:
		On entry : 
		On exit  : 
		Unchanged: 
 Data sizes:     COMRAM   BANK0   BANK1   BANK2   BANK3   BANK4   BANK5
      Params:         0       0       0       0       0       0       0
      Locals:         1       0       0       0       0       0       0
      Temps:          0       0       0       0       0       0       0
      Totals:         1       0       0       0       0       0       0
Total ram usage:        1 bytes
 Hardware stack levels used:    1
 Hardware stack levels required when called:    5
 This function calls:
		_I2Cdev_writeBits
 This function is called by:
		_MPU6050_initialize
 This function uses a non-reentrant model


 *************** function _I2Cdev_writeBits *****************
 Defined at:
		line 373 in file "../I2Cdev.c"
 Parameters:    Size  Location     Type
  devAddr         1    wreg     unsigned char 
  regAddr         1   22[COMRAM] unsigned char 
  bitStart        1   23[COMRAM] unsigned char 
  length          1   24[COMRAM] unsigned char 
  data            1   25[COMRAM] unsigned char 
 Auto vars:     Size  Location     Type
  devAddr         1   29[COMRAM] unsigned char 
  mask            1   30[COMRAM] unsigned char 
  b               1   31[COMRAM] unsigned char 
 Return value:  Size  Location     Type
                  1    wreg      unsigned char 
 Registers used:
		wreg, fsr2l, fsr2h, status,2, status,0, prodl, prodh, cstack
 Tracked objects:
		On entry : 
		On exit  : 
		Unchanged: 
 Data sizes:     COMRAM   BANK0   BANK1   BANK2   BANK3   BANK4   BANK5
      Params:         4       0       0       0       0       0       0
      Locals:         3       0       0       0       0       0       0
      Temps:          3       0       0       0       0       0       0
      Totals:        10       0       0       0       0       0       0
Total ram usage:       10 bytes
 Hardware stack levels used:    1
 Hardware stack levels required when called:    4
 This function calls:
		_I2Cdev_readByte
		_I2Cdev_writeByte
 This function is called by:
		_MPU6050_setFullScaleGyroRange
		_MPU6050_setFullScaleAccelRange
		_MPU6050_setClockSource
		_MPU6050_setExternalFrameSync
		_MPU6050_setDLPFMode
		_MPU6050_setDHPFMode
		_MPU6050_setMasterClockSpeed
		_MPU6050_setSlaveDataLength
		_MPU6050_setSlave4MasterDelay
		_MPU6050_setAccelerometerPowerOnDelay
		_MPU6050_setFreefallDetectionCounterDecrement
		_MPU6050_setMotionDetectionCounterDecrement
		_MPU6050_setWakeFrequency
		_MPU6050_setDeviceID
		_MPU6050_setXGyroOffsetTC
		_MPU6050_setYGyroOffsetTC
		_MPU6050_setZGyroOffsetTC
 This function uses a non-reentrant model


 *************** function _I2Cdev_writeByte *****************
 Defined at:
		line 286 in file "../I2Cdev.c"
 Parameters:    Size  Location     Type
  devAddr         1    wreg     unsigned char 
  regAddr         1    9[COMRAM] unsigned char 
  data            1   10[COMRAM] unsigned char 
 Auto vars:     Size  Location     Type
  devAddr         1   11[COMRAM] unsigned char 
 Return value:  Size  Location     Type
                  1    wreg      unsigned char 
 Registers used:
		wreg, fsr2l, fsr2h, status,2, status,0, prodl, prodh, cstack
 Tracked objects:
		On entry : 
		On exit  : 
		Unchanged: 
 Data sizes:     COMRAM   BANK0   BANK1   BANK2   BANK3   BANK4   BANK5
      Params:         2       0       0       0       0       0       0
      Locals:         1       0       0       0       0       0       0
      Temps:          0       0       0       0       0       0       0
      Totals:         3       0       0       0       0       0       0
Total ram usage:        3 bytes
 Hardware stack levels used:    1
 Hardware stack levels required when called:    3
 This function calls:
		_I2Cdev_writeBytes
 This function is called by:
		_I2Cdev_writeBit
		_I2Cdev_writeBits
		_MPU6050_setRate
		_MPU6050_setFreefallDetectionThreshold
		_MPU6050_setFreefallDetectionDuration
		_MPU6050_setMotionDetectionThreshold
		_MPU6050_setMotionDetectionDuration
		_MPU6050_setZeroMotionDetectionThreshold
		_MPU6050_setZeroMotionDetectionDuration
		_MPU6050_setSlaveAddress
		_MPU6050_setSlaveRegister
		_MPU6050_setSlave4Address
		_MPU6050_setSlave4Register
		_MPU6050_setSlave4OutputByte
		_MPU6050_setIntEnabled
		_MPU6050_setSlaveOutputByte
		_MPU6050_setFIFOByte
		_MPU6050_setXFineGain
		_MPU6050_setYFineGain
		_MPU6050_setZFineGain
		_MPU6050_setMemoryBank
		_MPU6050_setMemoryStartAddress
		_MPU6050_writeMemoryByte
		_MPU6050_setDMPConfig1
		_MPU6050_setDMPConfig2
 This function uses a non-reentrant model


 *************** function _I2Cdev_writeBytes *****************
 Defined at:
		line 254 in file "../I2Cdev.c"
 Parameters:    Size  Location     Type
  devAddr         1    wreg     unsigned char 
  regAddr         1    3[COMRAM] unsigned char 
  length          1    4[COMRAM] unsigned char 
  data            2    5[COMRAM] PTR unsigned char 
		 -> NULL(0), I2Cdev_writeByte@data(1), 
 Auto vars:     Size  Location     Type
  devAddr         1    7[COMRAM] unsigned char 
  i               1    8[COMRAM] unsigned char 
 Return value:  Size  Location     Type
                  1    wreg      unsigned char 
 Registers used:
		wreg, fsr2l, fsr2h, status,2, status,0, prodl, prodh, cstack
 Tracked objects:
		On entry : 
		On exit  : 
		Unchanged: 
[...]
      Params:         3       0       0       0       0       0       0
      Locals:         1       0       0       0       0       0       0
      Temps:          0       0       0       0       0       0       0
      Totals:         4       0       0       0       0       0       0
Total ram usage:        4 bytes
 Hardware stack levels used:    1
 Hardware stack levels required when called:    3
 This function calls:
		_I2Cdev_readBytes
 This function is called by:
		_I2Cdev_writeBit
		_I2Cdev_writeBits
		_I2Cdev_readBit
		_I2Cdev_readBits
		_MPU6050_getRate
		_MPU6050_getFreefallDetectionThreshold
		_MPU6050_getFreefallDetectionDuration
		_MPU6050_getMotionDetectionThreshold
		_MPU6050_getMotionDetectionDuration
		_MPU6050_getZeroMotionDetectionThreshold
		_MPU6050_getZeroMotionDetectionDuration
		_MPU6050_getSlaveAddress
		_MPU6050_getSlaveRegister
		_MPU6050_getSlave4Address
		_MPU6050_getSlave4Register
		_MPU6050_getSlate4InputByte
		_MPU6050_getIntEnabled
		_MPU6050_getIntStatus
		_MPU6050_getExternalSensorByte
		_MPU6050_getFIFOByte
		_MPU6050_getXFineGain
		_MPU6050_getYFineGain
		_MPU6050_getZFineGain
		_MPU6050_readMemoryByte
		_MPU6050_getDMPConfig1
		_MPU6050_getDMPConfig2
 This function uses a non-reentrant model


 *************** function _MPU6050 *****************
 Defined at:
		line 51 in file "../MPU6050.c"
 Parameters:    Size  Location     Type
  address         1    wreg     unsigned char 
 Auto vars:     Size  Location     Type
  address         1    0[COMRAM] unsigned char 
 Return value:  Size  Location     Type
		None               void
 Registers used:
		wreg
 Tracked objects:
		On entry : 
		On exit  : 
		Unchanged: 
 Data sizes:     COMRAM   BANK0   BANK1   BANK2   BANK3   BANK4   BANK5
      Params:         0       0       0       0       0       0       0
      Locals:         1       0       0       0       0       0       0
      Temps:          0       0       0       0       0       0       0
      Totals:         1       0       0       0       0       0       0
Total ram usage:        1 bytes
 Hardware stack levels used:    1
 This function calls:
		Nothing
 This function is called by:
		_initMPU6050
 This function uses a non-reentrant model


 *************** function _initI2C *****************
 Defined at:
		line 209 in file "../pic18f458_badgerloop.c"
 Parameters:    Size  Location     Type
		None
 Auto vars:     Size  Location     Type
		None
 Return value:  Size  Location     Type
		None               void
 Registers used:
		wreg, status,2, status,0, cstack
 Tracked objects:
		On entry : 
		On exit  : 
		Unchanged: 
 Data sizes:     COMRAM   BANK0   BANK1   BANK2   BANK3   BANK4   BANK5
      Params:         0       0       0       0       0       0       0
      Locals:         0       0       0       0       0       0       0
      Temps:          0       0       0       0       0       0       0
      Totals:         0       0       0       0       0       0       0
Total ram usage:        0 bytes
 Hardware stack levels used:    1
 Hardware stack levels required when called:    1
 This function calls:
		_Delay10KTCYx
		_OpenI2C
		_OpenUSART
 This function is called by:
		_main
 This function uses a non-reentrant model


 *************** function _OpenUSART *****************
 Defined at:
		line 21 in file "/Applications/microchip/xc8/v1.32/sources/pic18/plib/USART/uopen.c"
 Parameters:    Size  Location     Type
  config          1    wreg     unsigned char 
  spbrg           2    0[COMRAM] unsigned int 
 Auto vars:     Size  Location     Type
  config          1    2[COMRAM] unsigned char 
 Return value:  Size  Location     Type
		None               void
 Registers used:
		wreg, status,2
 Tracked objects:
		On entry : 
		On exit  : 
		Unchanged: 
 Data sizes:     COMRAM   BANK0   BANK1   BANK2   BANK3   BANK4   BANK5
      Params:         2       0       0       0       0       0       0
      Locals:         1       0       0       0       0       0       0
      Temps:          0       0       0       0       0       0       0
      Totals:         3       0       0       0       0       0       0
Total ram usage:        3 bytes
 Hardware stack levels used:    1
 This function calls:
		Nothing
 This function is called by:
		_initI2C
 This function uses a non-reentrant model


 *************** function _OpenI2C *****************
 Defined at:
		line 14 in file "/Applications/microchip/xc8/v1.32/sources/pic18/plib/i2c/i2c_open.c"
 Parameters:    Size  Location     Type
  sync_mode       1    wreg     unsigned char 
  slew            1    0[COMRAM] unsigned char 
 Auto vars:     Size  Location     Type
  sync_mode       1    1[COMRAM] unsigned char 
 Return value:  Size  Location     Type
		None               void
 Registers used:
		wreg, status,2, status,0
 Tracked objects:
		On entry : 
		On exit  : 
		Unchanged: 
 Data sizes:     COMRAM   BANK0   BANK1   BANK2   BANK3   BANK4   BANK5
      Params:         1       0       0       0       0       0       0
      Locals:         1       0       0       0       0       0       0
      Temps:          0       0       0       0       0       0       0
      Totals:         2       0       0       0       0       0       0
Total ram usage:        2 bytes
 Hardware stack levels used:    1
 This function calls:
		Nothing
 This function is called by:
		_initI2C
 This function uses a non-reentrant model


 *************** function _Delay10KTCYx *****************
 Defined at:
		line 8 in file "/Applications/microchip/xc8/v1.32/sources/pic18/d10ktcyx.c"
 Parameters:    Size  Location     Type
  unit            1    wreg     unsigned char 
 Auto vars:     Size  Location     Type
  unit            1    1[COMRAM] unsigned char 
 Return value:  Size  Location     Type
		None               void
 Registers used:
		wreg
 Tracked objects:
		On entry : 
		On exit  : 
		Unchanged: 
 Data sizes:     COMRAM   BANK0   BANK1   BANK2   BANK3   BANK4   BANK5
      Params:         0       0       0       0       0       0       0
      Locals:         1       0       0       0       0       0       0
      Temps:          1       0       0       0       0       0       0
      Totals:         2       0       0       0       0       0       0
Total ram usage:        2 bytes
 Hardware stack levels used:    1
 This function calls:
		Nothing
 This function is called by:
		_setupCANTxRx
		_initI2C
		_initMPU6050
 This function uses a non-reentrant model


 *************** function _flashLED *****************
 Defined at:
		line 84 in file "main.c"
 Parameters:    Size  Location     Type
		None
 Auto vars:     Size  Location     Type
  count           2    4[COMRAM] int 
 Return value:  Size  Location     Type
		None               void
 Registers used:
		wreg, status,2, status,0, cstack
 Tracked objects:
		On entry : 
		On exit  : 
		Unchanged: 
 Data sizes:     COMRAM   BANK0   BANK1   BANK2   BANK3   BANK4   BANK5
      Params:         0       0       0       0       0       0       0
      Locals:         2       0       0       0       0       0       0
      Temps:          0       0       0       0       0       0       0
      Totals:         2       0       0       0       0       0       0
Total ram usage:        2 bytes
 Hardware stack levels used:    1
 Hardware stack levels required when called:    1
 This function calls:
		_delayzz
 This function is called by:
		_main
 This function uses a non-reentrant model


 *************** function _delayzz *****************
 Defined at:
		line 125 in file "../pic18f458_badgerloop.c"
 Parameters:    Size  Location     Type
		None
 Auto vars:     Size  Location     Type
  j               2    2[COMRAM] int 
  i               2    0[COMRAM] int 
 Return value:  Size  Location     Type
		None               void
 Registers used:
		wreg, status,2, status,0
 Tracked objects:
		On entry : 
		On exit  : 
		Unchanged: 
 Data sizes:     COMRAM   BANK0   BANK1   BANK2   BANK3   BANK4   BANK5
      Params:         0       0       0       0       0       0       0
      Locals:         4       0       0       0       0       0       0
      Temps:          0       0       0       0       0       0       0
      Totals:         4       0       0       0       0       0       0
Total ram usage:        4 bytes
 Hardware stack levels used:    1
 This function calls:
		Nothing
 This function is called by:
		_flashLED
		_main
 This function uses a non-reentrant model


 *************** function _MPU6050_getMotion6 *****************
 Defined at:
		line 1733 in file "../MPU6050.c"
 Parameters:    Size  Location     Type
  ax              2   18[COMRAM] PTR int 
		 -> main@ax(2), 
  ay              2   20[COMRAM] PTR int 
		 -> main@ay(2), 
  az              2   22[COMRAM] PTR int 
		 -> main@az(2), 
  gx              2   24[COMRAM] PTR int 
		 -> main@gx(2), 
  gy              2   26[COMRAM] PTR int 
		 -> main@gy(2), 
  gz              2   28[COMRAM] PTR int 
		 -> main@gz(2), 
 Auto vars:     Size  Location     Type
		None
 Return value:  Size  Location     Type
		None               void
 Registers used:
		wreg, fsr2l, fsr2h, status,2, status,0, prodl, prodh, cstack
 Tracked objects:
		On entry : 
		On exit  : 
		Unchanged: 
 Data sizes:     COMRAM   BANK0   BANK1   BANK2   BANK3   BANK4   BANK5
      Params:        12       0       0       0       0       0       0
      Locals:         0       0       0       0       0       0       0
      Temps:          2       0       0       0       0       0       0
      Totals:        14       0       0       0       0       0       0
Total ram usage:       14 bytes
 Hardware stack levels used:    1
 Hardware stack levels required when called:    3
 This function calls:
		_I2Cdev_readBytes
 This function is called by:
		_main
		_MPU6050_getMotion9
 This function uses a non-reentrant model


 *************** function _I2Cdev_readBytes *****************
 Defined at:
		line 43 in file "../I2Cdev.c"
 Parameters:    Size  Location     Type
  devAddr         1    wreg     unsigned char 
  regAddr         1    6[COMRAM] unsigned char 
  length          1    7[COMRAM] unsigned char 
  data            2    8[COMRAM] PTR unsigned char 
		 -> I2C_Bytes(3), mpu6050(15), I2Cdev_writeBits@b(1), I2Cdev_writeBit@b(1), 
		 -> I2Cdev_readBits@b(1), I2Cdev_readBit@b(1), 
 Auto vars:     Size  Location     Type
  devAddr         1   16[COMRAM] unsigned char 
  count           1   17[COMRAM] char 
 Return value:  Size  Location     Type
                  1    wreg      char 
 Registers used:
		wreg, fsr2l, fsr2h, status,2, status,0, prodl, prodh, cstack
 Tracked objects:
		On entry : 
		On exit  : 
		Unchanged: 
 Data sizes:     COMRAM   BANK0   BANK1   BANK2   BANK3   BANK4   BANK5
      Params:         4       0       0       0       0       0       0
      Locals:         2       0       0       0       0       0       0
      Temps:          6       0       0       0       0       0       0
      Totals:        12       0       0       0       0       0       0
Total ram usage:       12 bytes
 Hardware stack levels used:    1
 Hardware stack levels required when called:    2
 This function calls:
		_IdleI2C
		_ReadI2C
		_WriteI2C
		___wmul
 This function is called by:
		_I2Cdev_readByte
		_MPU6050_getMotion6
		_MPU6050_getAcceleration
		_MPU6050_getAccelerationX
		_MPU6050_getAccelerationY
		_MPU6050_getAccelerationZ
		_MPU6050_getTemperature
		_MPU6050_getRotation
		_MPU6050_getRotationX
		_MPU6050_getRotationY
		_MPU6050_getRotationZ
		_MPU6050_getExternalSensorWord
		_MPU6050_getExternalSensorDWord
		_MPU6050_getFIFOCount
		_MPU6050_getFIFOBytes
		_MPU6050_getXAccelOffset
		_MPU6050_getYAccelOffset
		_MPU6050_getZAccelOffset
		_MPU6050_getXGyroOffset
		_MPU6050_getYGyroOffset
		_MPU6050_getZGyroOffset
		_MPU6050_readMemoryBlock
		_MS_5803_ADC
		_MS_5803_init
 This function uses a non-reentrant model


 *************** function ___wmul *****************
 Defined at:
		line 15 in file "/Applications/microchip/xc8/v1.32/sources/common/Umul16.c"
 Parameters:    Size  Location     Type
  multiplier      2    0[COMRAM] unsigned int 
  multiplicand    2    2[COMRAM] unsigned int 
 Auto vars:     Size  Location     Type
  product         2    4[COMRAM] unsigned int 
 Return value:  Size  Location     Type
                  2    0[COMRAM] unsigned int 
 Registers used:
		wreg, status,2, status,0, prodl, prodh
 Tracked objects:
		On entry : 
		On exit  : 
		Unchanged: 
 Data sizes:     COMRAM   BANK0   BANK1   BANK2   BANK3   BANK4   BANK5
      Params:         4       0       0       0       0       0       0
      Locals:         2       0       0       0       0       0       0
      Temps:          0       0       0       0       0       0       0
      Totals:         6       0       0       0       0       0       0
Total ram usage:        6 bytes
 Hardware stack levels used:    1
 This function calls:
		Nothing
 This function is called by:
		_I2Cdev_readBytes
		_I2Cdev_readWords
 This function uses a non-reentrant model


 *************** function _WriteI2C *****************
 Defined at:
		line 12 in file "/Applications/microchip/xc8/v1.32/sources/pic18/plib/i2c/i2c_writ.c"
 Parameters:    Size  Location     Type
  data_out        1    wreg     unsigned char 
 Auto vars:     Size  Location     Type
  data_out        1    2[COMRAM] unsigned char 
 Return value:  Size  Location     Type
                  1    wreg      char 
 Registers used:
		wreg, status,2, status,0, cstack
 Tracked objects:
		On entry : 
		On exit  : 
		Unchanged: 
 Data sizes:     COMRAM   BANK0   BANK1   BANK2   BANK3   BANK4   BANK5
      Params:         0       0       0       0       0       0       0
      Locals:         1       0       0       0       0       0       0
      Temps:          1       0       0       0       0       0       0
      Totals:         2       0       0       0       0       0       0
Total ram usage:        2 bytes
 Hardware stack levels used:    1
 Hardware stack levels required when called:    1
 This function calls:
		_IdleI2C
 This function is called by:
		_I2Cdev_readBytes
		_I2Cdev_writeBytes
		_I2Cdev_readWords
		_I2Cdev_writeWords
 This function uses a non-reentrant model


 *************** function _IdleI2C *****************
 Defined at:
		line 24 in file "/Applications/microchip/xc8/v1.32/sources/pic18/plib/i2c/i2c_idle.c"
 Parameters:    Size  Location     Type
		None
 Auto vars:     Size  Location     Type
		None
 Return value:  Size  Location     Type
		None               void
 Registers used:
		wreg, status,2, status,0
 Tracked objects:
		On entry : 
		On exit  : 
		Unchanged: 
 Data sizes:     COMRAM   BANK0   BANK1   BANK2   BANK3   BANK4   BANK5
      Params:         0       0       0       0       0       0       0
      Locals:         0       0       0       0       0       0       0
      Temps:          1       0       0       0       0       0       0
      Totals:         1       0       0       0       0       0       0
Total ram usage:        1 bytes
 Hardware stack levels used:    1
 This function calls:
		Nothing
 This function is called by:
		_I2Cdev_readBytes
		_I2Cdev_writeBytes
		_WriteI2C
		_I2Cdev_readWords
		_I2Cdev_writeWords
 This function uses a non-reentrant model


 *************** function _ReadI2C *****************
 Defined at:
		line 11 in file "/Applications/microchip/xc8/v1.32/sources/pic18/plib/i2c/i2c_read.c"
 Parameters:    Size  Location     Type
		None
 Auto vars:     Size  Location     Type
		None
 Return value:  Size  Location     Type
                  1    wreg      unsigned char 
 Registers used:
		wreg, status,2, status,0
 Tracked objects:
		On entry : 
		On exit  : 
		Unchanged: 
 Data sizes:     COMRAM   BANK0   BANK1   BANK2   BANK3   BANK4   BANK5
      Params:         0       0       0       0       0       0       0
      Locals:         0       0       0       0       0       0       0
      Temps:          1       0       0       0       0       0       0
      Totals:         1       0       0       0       0       0       0
Total ram usage:        1 bytes
 Hardware stack levels used:    1
 This function calls:
		Nothing
 This function is called by:
		_I2Cdev_readBytes
		_I2Cdev_readWords
 This function uses a non-reentrant model


 *************** function _CAN_Transmit *****************
 Defined at:
		line 18 in file "main.c"
 Parameters:    Size  Location     Type
		None
 Auto vars:     Size  Location     Type
  canId           2    3[COMRAM] unsigned int 
 Return value:  Size  Location     Type
		None               void
 Registers used:
		wreg, status,2, status,0
 Tracked objects:
		On entry : 
		On exit  : 
		Unchanged: 
 Data sizes:     COMRAM   BANK0   BANK1   BANK2   BANK3   BANK4   BANK5
      Params:         0       0       0       0       0       0       0
      Locals:         2       0       0       0       0       0       0
      Temps:          3       0       0       0       0       0       0
      Totals:         5       0       0       0       0       0       0
Total ram usage:        5 bytes
 Hardware stack levels used:    1
 This function calls:
		Nothing
 This function is called by:
		_main
 This function uses a non-reentrant model



MODULE INFORMATION

Module		Function		Class		Link	Load	Size
/Applications/microchip/xc8/v1.32/sources/pic18/d10ktcyx.c
		_Delay10KTCYx  		CODE           	388A	0000	28

/Applications/microchip/xc8/v1.32/sources/pic18/d10ktcyx.c estimated size: 28

/Applications/microchip/xc8/v1.32/sources/pic18/plib/i2c/i2c_open.c
		_OpenI2C       		CODE           	395A	0000	34

/Applications/microchip/xc8/v1.32/sources/pic18/plib/i2c/i2c_open.c estimated size: 34

/Applications/microchip/xc8/v1.32/sources/pic18/plib/USART/uopen.c
		_OpenUSART     		CODE           	3AE6	0000	96

/Applications/microchip/xc8/v1.32/sources/pic18/plib/USART/uopen.c estimated size: 96

../MPU6050.c
		_MPU6050_initia		CODE           	393C	0000	30
		_MPU6050_setFul		CODE           	391E	0000	30
		_MPU6050_setSle		CODE           	3870	0000	26
		_MPU6050       		CODE           	380E	0000	12
		_MPU6050_setClo		CODE           	38E2	0000	30
		_MPU6050_setFul		CODE           	3900	0000	30
		_MPU6050_getMot		CODE           	3F0C	0000	244

../MPU6050.c estimated size: 402

../pic18f458_badgerloop.c
		_delayzz       		CODE           	3A46	0000	66
		_initMPU6050   		CODE           	3842	0000	22
		_CAN_Init      		CODE           	3BAE	0000	104
		_CAN_SetMode   		CODE           	3858	0000	24
		_setupCANTxRx  		CODE           	382E	0000	20
		_initI2C       		CODE           	399E	0000	40

../pic18f458_badgerloop.c estimated size: 276

/Applications/microchip/xc8/v1.32/sources/pic18/plib/i2c/i2c_writ.c
		_WriteI2C      		CODE           	3B46	0000	104

/Applications/microchip/xc8/v1.32/sources/pic18/plib/i2c/i2c_writ.c estimated size: 104

/Applications/microchip/xc8/v1.32/sources/pic18/plib/i2c/i2c_read.c
		_ReadI2C       		CODE           	3A1A	0000	44

/Applications/microchip/xc8/v1.32/sources/pic18/plib/i2c/i2c_read.c estimated size: 44

/Applications/microchip/xc8/v1.32/sources/common/Umul16.c
		___wmul        		CODE           	39C6	0000	42

/Applications/microchip/xc8/v1.32/sources/common/Umul16.c estimated size: 42

shared
		__initializatio		CODE           	397C	0000	24

shared estimated size: 24

/Applications/microchip/xc8/v1.32/sources/pic18/plib/i2c/i2c_idle.c
		_IdleI2C       		CODE           	381A	0000	20

/Applications/microchip/xc8/v1.32/sources/pic18/plib/i2c/i2c_idle.c estimated size: 20

../I2Cdev.c
		_I2Cdev_writeBy		CODE           	3A88	0000	94
		_I2Cdev_readByt		CODE           	38A6	0000	30
		_I2Cdev_writeBi		CODE           	3C8C	0000	126
		_I2Cdev_writeBy		CODE           	38C4	0000	30
		_I2Cdev_readByt		CODE           	3E1E	0000	238
		_I2Cdev_writeBi		CODE           	3D94	0000	138

../I2Cdev.c estimated size: 656

main.c
		_flashLED      		CODE           	39F0	0000	42
		_CAN_Transmit  		CODE           	3D0A	0000	136
		_main          		CODE           	3C16	0000	118

main.c estimated size: 296

